﻿  Determinando los proyectos que se van a restaurar...
  Todos los proyectos est├ín actualizados para la restauraci├│n.
  Contoso.Pizza.AdminApi.Models -> C:\Users\carlo\Proyectos\blazor-aspnetwebapi-efcore-sample\src\Backend\Contoso.Pizza.AdminApi.Models\bin\Debug\net8.0\Contoso.Pizza.AdminApi.Models.dll
  Contoso.Pizza.Data.Models -> C:\Users\carlo\Proyectos\blazor-aspnetwebapi-efcore-sample\src\Backend\Contoso.Pizza.Data.Models\bin\Debug\net8.0\Contoso.Pizza.Data.Models.dll
  Contoso.Pizza.AdminUI.Services -> C:\Users\carlo\Proyectos\blazor-aspnetwebapi-efcore-sample\src\Frontend\Contoso.Pizza.AdminUI.Services\bin\Debug\net8.0\Contoso.Pizza.AdminUI.Services.dll
  Contoso.Pizza.Data -> C:\Users\carlo\Proyectos\blazor-aspnetwebapi-efcore-sample\src\Backend\Contoso.Pizza.Data\bin\Debug\net8.0\Contoso.Pizza.Data.dll
  Contoso.Pizza.AdminApi.Services -> C:\Users\carlo\Proyectos\blazor-aspnetwebapi-efcore-sample\src\Backend\Contoso.Pizza.AdminApi.Services\bin\Debug\net8.0\Contoso.Pizza.AdminApi.Services.dll
  Contoso.Pizza.Console -> C:\Users\carlo\Proyectos\blazor-aspnetwebapi-efcore-sample\src\Backend\Contoso.Pizza.Console\bin\Debug\net8.0\Contoso.Pizza.Console.dll
C:\Program Files\dotnet\sdk\8.0.419\Microsoft.Common.CurrentVersion.targets(5034,5): warning MSB3026: No se pudo copiar "C:\Users\carlo\Proyectos\blazor-aspnetwebapi-efcore-sample\src\Frontend\Contoso.Pizza.AdminUI.Services\bin\Debug\net8.0\Contoso.Pizza.AdminUI.Services.dll" en "bin\Debug\net8.0\Contoso.Pizza.AdminUI.Services.dll". Se iniciar├í el reintento 1 dentro de 1000ms. The process cannot access the file 'C:\Users\carlo\Proyectos\blazor-aspnetwebapi-efcore-sample\src\Frontend\Contoso.Pizza.AdminUI\bin\Debug\net8.0\Contoso.Pizza.AdminUI.Services.dll' because it is being used by another process. El archivo se ha bloqueado por: "Contoso.Pizza.AdminUI (6712)" [C:\Users\carlo\Proyectos\blazor-aspnetwebapi-efcore-sample\src\Frontend\Contoso.Pizza.AdminUI\Contoso.Pizza.AdminUI.csproj]
C:\Program Files\dotnet\sdk\8.0.419\Microsoft.Common.CurrentVersion.targets(5034,5): warning MSB3026: No se pudo copiar "C:\Users\carlo\Proyectos\blazor-aspnetwebapi-efcore-sample\src\Backend\Contoso.Pizza.AdminApi.Models\bin\Debug\net8.0\Contoso.Pizza.AdminApi.Models.dll" en "bin\Debug\net8.0\Contoso.Pizza.AdminApi.Models.dll". Se iniciar├í el reintento 1 dentro de 1000ms. The process cannot access the file 'C:\Users\carlo\Proyectos\blazor-aspnetwebapi-efcore-sample\src\Frontend\Contoso.Pizza.AdminUI\bin\Debug\net8.0\Contoso.Pizza.AdminApi.Models.dll' because it is being used by another process. El archivo se ha bloqueado por: "Contoso.Pizza.AdminUI (6712)" [C:\Users\carlo\Proyectos\blazor-aspnetwebapi-efcore-sample\src\Frontend\Contoso.Pizza.AdminUI\Contoso.Pizza.AdminUI.csproj]
C:\Program Files\dotnet\sdk\8.0.419\Microsoft.Common.CurrentVersion.targets(5034,5): warning MSB3026: No se pudo copiar "C:\Users\carlo\Proyectos\blazor-aspnetwebapi-efcore-sample\src\Backend\Contoso.Pizza.AdminApi.Models\bin\Debug\net8.0\Contoso.Pizza.AdminApi.Models.dll" en "bin\Debug\net8.0\Contoso.Pizza.AdminApi.Models.dll". Se iniciar├í el reintento 1 dentro de 1000ms. The process cannot access the file 'C:\Users\carlo\Proyectos\blazor-aspnetwebapi-efcore-sample\src\Backend\Contoso.Pizza.AdminApi.MVC\bin\Debug\net8.0\Contoso.Pizza.AdminApi.Models.dll' because it is being used by another process. El archivo se ha bloqueado por: "Contoso.Pizza.AdminApi.MVC (33768)" [C:\Users\carlo\Proyectos\blazor-aspnetwebapi-efcore-sample\src\Backend\Contoso.Pizza.AdminApi.MVC\Contoso.Pizza.AdminApi.MVC.csproj]
C:\Program Files\dotnet\sdk\8.0.419\Microsoft.Common.CurrentVersion.targets(5034,5): warning MSB3026: No se pudo copiar "C:\Users\carlo\Proyectos\blazor-aspnetwebapi-efcore-sample\src\Backend\Contoso.Pizza.Data\bin\Debug\net8.0\Contoso.Pizza.Data.dll" en "bin\Debug\net8.0\Contoso.Pizza.Data.dll". Se iniciar├í el reintento 1 dentro de 1000ms. The process cannot access the file 'C:\Users\carlo\Proyectos\blazor-aspnetwebapi-efcore-sample\src\Backend\Contoso.Pizza.AdminApi.MVC\bin\Debug\net8.0\Contoso.Pizza.Data.dll' because it is being used by another process. El archivo se ha bloqueado por: "Contoso.Pizza.AdminApi.MVC (33768)" [C:\Users\carlo\Proyectos\blazor-aspnetwebapi-efcore-sample\src\Backend\Contoso.Pizza.AdminApi.MVC\Contoso.Pizza.AdminApi.MVC.csproj]
C:\Program Files\dotnet\sdk\8.0.419\Microsoft.Common.CurrentVersion.targets(5034,5): warning MSB3026: No se pudo copiar "C:\Users\carlo\Proyectos\blazor-aspnetwebapi-efcore-sample\src\Backend\Contoso.Pizza.Data.Models\bin\Debug\net8.0\Contoso.Pizza.Data.Models.dll" en "bin\Debug\net8.0\Contoso.Pizza.Data.Models.dll". Se iniciar├í el reintento 1 dentro de 1000ms. The process cannot access the file 'C:\Users\carlo\Proyectos\blazor-aspnetwebapi-efcore-sample\src\Backend\Contoso.Pizza.AdminApi.MVC\bin\Debug\net8.0\Contoso.Pizza.Data.Models.dll' because it is being used by another process. El archivo se ha bloqueado por: "Contoso.Pizza.AdminApi.MVC (33768)" [C:\Users\carlo\Proyectos\blazor-aspnetwebapi-efcore-sample\src\Backend\Contoso.Pizza.AdminApi.MVC\Contoso.Pizza.AdminApi.MVC.csproj]
C:\Program Files\dotnet\sdk\8.0.419\Microsoft.Common.CurrentVersion.targets(5034,5): warning MSB3026: No se pudo copiar "C:\Users\carlo\Proyectos\blazor-aspnetwebapi-efcore-sample\src\Backend\Contoso.Pizza.AdminApi.Services\bin\Debug\net8.0\Contoso.Pizza.AdminApi.Services.dll" en "bin\Debug\net8.0\Contoso.Pizza.AdminApi.Services.dll". Se iniciar├í el reintento 1 dentro de 1000ms. The process cannot access the file 'C:\Users\carlo\Proyectos\blazor-aspnetwebapi-efcore-sample\src\Backend\Contoso.Pizza.AdminApi.MVC\bin\Debug\net8.0\Contoso.Pizza.AdminApi.Services.dll' because it is being used by another process. El archivo se ha bloqueado por: "Contoso.Pizza.AdminApi.MVC (33768)" [C:\Users\carlo\Proyectos\blazor-aspnetwebapi-efcore-sample\src\Backend\Contoso.Pizza.AdminApi.MVC\Contoso.Pizza.AdminApi.MVC.csproj]
  Contoso.Pizza.AdminApi.Minimal -> C:\Users\carlo\Proyectos\blazor-aspnetwebapi-efcore-sample\src\Backend\Contoso.Pizza.AdminApi.Minimal\bin\Debug\net8.0\Contoso.Pizza.AdminApi.Minimal.dll
C:\Program Files\dotnet\sdk\8.0.419\Microsoft.Common.CurrentVersion.targets(5034,5): warning MSB3026: No se pudo copiar "C:\Users\carlo\Proyectos\blazor-aspnetwebapi-efcore-sample\src\Frontend\Contoso.Pizza.AdminUI.Services\bin\Debug\net8.0\Contoso.Pizza.AdminUI.Services.dll" en "bin\Debug\net8.0\Contoso.Pizza.AdminUI.Services.dll". Se iniciar├í el reintento 2 dentro de 1000ms. The process cannot access the file 'C:\Users\carlo\Proyectos\blazor-aspnetwebapi-efcore-sample\src\Frontend\Contoso.Pizza.AdminUI\bin\Debug\net8.0\Contoso.Pizza.AdminUI.Services.dll' because it is being used by another process. El archivo se ha bloqueado por: "Contoso.Pizza.AdminUI (6712)" [C:\Users\carlo\Proyectos\blazor-aspnetwebapi-efcore-sample\src\Frontend\Contoso.Pizza.AdminUI\Contoso.Pizza.AdminUI.csproj]
C:\Program Files\dotnet\sdk\8.0.419\Microsoft.Common.CurrentVersion.targets(5034,5): warning MSB3026: No se pudo copiar "C:\Users\carlo\Proyectos\blazor-aspnetwebapi-efcore-sample\src\Backend\Contoso.Pizza.AdminApi.Models\bin\Debug\net8.0\Contoso.Pizza.AdminApi.Models.dll" en "bin\Debug\net8.0\Contoso.Pizza.AdminApi.Models.dll". Se iniciar├í el reintento 2 dentro de 1000ms. The process cannot access the file 'C:\Users\carlo\Proyectos\blazor-aspnetwebapi-efcore-sample\src\Frontend\Contoso.Pizza.AdminUI\bin\Debug\net8.0\Contoso.Pizza.AdminApi.Models.dll' because it is being used by another process. El archivo se ha bloqueado por: "Contoso.Pizza.AdminUI (6712)" [C:\Users\carlo\Proyectos\blazor-aspnetwebapi-efcore-sample\src\Frontend\Contoso.Pizza.AdminUI\Contoso.Pizza.AdminUI.csproj]
C:\Program Files\dotnet\sdk\8.0.419\Microsoft.Common.CurrentVersion.targets(5034,5): warning MSB3026: No se pudo copiar "C:\Users\carlo\Proyectos\blazor-aspnetwebapi-efcore-sample\src\Backend\Contoso.Pizza.AdminApi.Models\bin\Debug\net8.0\Contoso.Pizza.AdminApi.Models.dll" en "bin\Debug\net8.0\Contoso.Pizza.AdminApi.Models.dll". Se iniciar├í el reintento 2 dentro de 1000ms. The process cannot access the file 'C:\Users\carlo\Proyectos\blazor-aspnetwebapi-efcore-sample\src\Backend\Contoso.Pizza.AdminApi.MVC\bin\Debug\net8.0\Contoso.Pizza.AdminApi.Models.dll' because it is being used by another process. El archivo se ha bloqueado por: "Contoso.Pizza.AdminApi.MVC (33768)" [C:\Users\carlo\Proyectos\blazor-aspnetwebapi-efcore-sample\src\Backend\Contoso.Pizza.AdminApi.MVC\Contoso.Pizza.AdminApi.MVC.csproj]
C:\Program Files\dotnet\sdk\8.0.419\Microsoft.Common.CurrentVersion.targets(5034,5): warning MSB3026: No se pudo copiar "C:\Users\carlo\Proyectos\blazor-aspnetwebapi-efcore-sample\src\Backend\Contoso.Pizza.Data\bin\Debug\net8.0\Contoso.Pizza.Data.dll" en "bin\Debug\net8.0\Contoso.Pizza.Data.dll". Se iniciar├í el reintento 2 dentro de 1000ms. The process cannot access the file 'C:\Users\carlo\Proyectos\blazor-aspnetwebapi-efcore-sample\src\Backend\Contoso.Pizza.AdminApi.MVC\bin\Debug\net8.0\Contoso.Pizza.Data.dll' because it is being used by another process. El archivo se ha bloqueado por: "Contoso.Pizza.AdminApi.MVC (33768)" [C:\Users\carlo\Proyectos\blazor-aspnetwebapi-efcore-sample\src\Backend\Contoso.Pizza.AdminApi.MVC\Contoso.Pizza.AdminApi.MVC.csproj]
C:\Program Files\dotnet\sdk\8.0.419\Microsoft.Common.CurrentVersion.targets(5034,5): warning MSB3026: No se pudo copiar "C:\Users\carlo\Proyectos\blazor-aspnetwebapi-efcore-sample\src\Backend\Contoso.Pizza.AdminApi.Services\bin\Debug\net8.0\Contoso.Pizza.AdminApi.Services.dll" en "bin\Debug\net8.0\Contoso.Pizza.AdminApi.Services.dll". Se iniciar├í el reintento 2 dentro de 1000ms. The process cannot access the file 'C:\Users\carlo\Proyectos\blazor-aspnetwebapi-efcore-sample\src\Backend\Contoso.Pizza.AdminApi.MVC\bin\Debug\net8.0\Contoso.Pizza.AdminApi.Services.dll' because it is being used by another process. El archivo se ha bloqueado por: "Contoso.Pizza.AdminApi.MVC (33768)" [C:\Users\carlo\Proyectos\blazor-aspnetwebapi-efcore-sample\src\Backend\Contoso.Pizza.AdminApi.MVC\Contoso.Pizza.AdminApi.MVC.csproj]
C:\Program Files\dotnet\sdk\8.0.419\Microsoft.Common.CurrentVersion.targets(5034,5): warning MSB3026: No se pudo copiar "C:\Users\carlo\Proyectos\blazor-aspnetwebapi-efcore-sample\src\Backend\Contoso.Pizza.Data.Models\bin\Debug\net8.0\Contoso.Pizza.Data.Models.dll" en "bin\Debug\net8.0\Contoso.Pizza.Data.Models.dll". Se iniciar├í el reintento 2 dentro de 1000ms. The process cannot access the file 'C:\Users\carlo\Proyectos\blazor-aspnetwebapi-efcore-sample\src\Backend\Contoso.Pizza.AdminApi.MVC\bin\Debug\net8.0\Contoso.Pizza.Data.Models.dll' because it is being used by another process. El archivo se ha bloqueado por: "Contoso.Pizza.AdminApi.MVC (33768)" [C:\Users\carlo\Proyectos\blazor-aspnetwebapi-efcore-sample\src\Backend\Contoso.Pizza.AdminApi.MVC\Contoso.Pizza.AdminApi.MVC.csproj]
C:\Program Files\dotnet\sdk\8.0.419\Microsoft.Common.CurrentVersion.targets(5034,5): warning MSB3026: No se pudo copiar "C:\Users\carlo\Proyectos\blazor-aspnetwebapi-efcore-sample\src\Frontend\Contoso.Pizza.AdminUI.Services\bin\Debug\net8.0\Contoso.Pizza.AdminUI.Services.dll" en "bin\Debug\net8.0\Contoso.Pizza.AdminUI.Services.dll". Se iniciar├í el reintento 3 dentro de 1000ms. The process cannot access the file 'C:\Users\carlo\Proyectos\blazor-aspnetwebapi-efcore-sample\src\Frontend\Contoso.Pizza.AdminUI\bin\Debug\net8.0\Contoso.Pizza.AdminUI.Services.dll' because it is being used by another process. El archivo se ha bloqueado por: "Contoso.Pizza.AdminUI (6712)" [C:\Users\carlo\Proyectos\blazor-aspnetwebapi-efcore-sample\src\Frontend\Contoso.Pizza.AdminUI\Contoso.Pizza.AdminUI.csproj]
C:\Program Files\dotnet\sdk\8.0.419\Microsoft.Common.CurrentVersion.targets(5034,5): warning MSB3026: No se pudo copiar "C:\Users\carlo\Proyectos\blazor-aspnetwebapi-efcore-sample\src\Backend\Contoso.Pizza.AdminApi.Models\bin\Debug\net8.0\Contoso.Pizza.AdminApi.Models.dll" en "bin\Debug\net8.0\Contoso.Pizza.AdminApi.Models.dll". Se iniciar├í el reintento 3 dentro de 1000ms. The process cannot access the file 'C:\Users\carlo\Proyectos\blazor-aspnetwebapi-efcore-sample\src\Frontend\Contoso.Pizza.AdminUI\bin\Debug\net8.0\Contoso.Pizza.AdminApi.Models.dll' because it is being used by another process. El archivo se ha bloqueado por: "Contoso.Pizza.AdminUI (6712)" [C:\Users\carlo\Proyectos\blazor-aspnetwebapi-efcore-sample\src\Frontend\Contoso.Pizza.AdminUI\Contoso.Pizza.AdminUI.csproj]
C:\Program Files\dotnet\sdk\8.0.419\Microsoft.Common.CurrentVersion.targets(5034,5): warning MSB3026: No se pudo copiar "C:\Users\carlo\Proyectos\blazor-aspnetwebapi-efcore-sample\src\Backend\Contoso.Pizza.AdminApi.Models\bin\Debug\net8.0\Contoso.Pizza.AdminApi.Models.dll" en "bin\Debug\net8.0\Contoso.Pizza.AdminApi.Models.dll". Se iniciar├í el reintento 3 dentro de 1000ms. The process cannot access the file 'C:\Users\carlo\Proyectos\blazor-aspnetwebapi-efcore-sample\src\Backend\Contoso.Pizza.AdminApi.MVC\bin\Debug\net8.0\Contoso.Pizza.AdminApi.Models.dll' because it is being used by another process. El archivo se ha bloqueado por: "Contoso.Pizza.AdminApi.MVC (33768)" [C:\Users\carlo\Proyectos\blazor-aspnetwebapi-efcore-sample\src\Backend\Contoso.Pizza.AdminApi.MVC\Contoso.Pizza.AdminApi.MVC.csproj]
C:\Program Files\dotnet\sdk\8.0.419\Microsoft.Common.CurrentVersion.targets(5034,5): warning MSB3026: No se pudo copiar "C:\Users\carlo\Proyectos\blazor-aspnetwebapi-efcore-sample\src\Backend\Contoso.Pizza.Data\bin\Debug\net8.0\Contoso.Pizza.Data.dll" en "bin\Debug\net8.0\Contoso.Pizza.Data.dll". Se iniciar├í el reintento 3 dentro de 1000ms. The process cannot access the file 'C:\Users\carlo\Proyectos\blazor-aspnetwebapi-efcore-sample\src\Backend\Contoso.Pizza.AdminApi.MVC\bin\Debug\net8.0\Contoso.Pizza.Data.dll' because it is being used by another process. El archivo se ha bloqueado por: "Contoso.Pizza.AdminApi.MVC (33768)" [C:\Users\carlo\Proyectos\blazor-aspnetwebapi-efcore-sample\src\Backend\Contoso.Pizza.AdminApi.MVC\Contoso.Pizza.AdminApi.MVC.csproj]
C:\Program Files\dotnet\sdk\8.0.419\Microsoft.Common.CurrentVersion.targets(5034,5): warning MSB3026: No se pudo copiar "C:\Users\carlo\Proyectos\blazor-aspnetwebapi-efcore-sample\src\Backend\Contoso.Pizza.Data.Models\bin\Debug\net8.0\Contoso.Pizza.Data.Models.dll" en "bin\Debug\net8.0\Contoso.Pizza.Data.Models.dll". Se iniciar├í el reintento 3 dentro de 1000ms. The process cannot access the file 'C:\Users\carlo\Proyectos\blazor-aspnetwebapi-efcore-sample\src\Backend\Contoso.Pizza.AdminApi.MVC\bin\Debug\net8.0\Contoso.Pizza.Data.Models.dll' because it is being used by another process. El archivo se ha bloqueado por: "Contoso.Pizza.AdminApi.MVC (33768)" [C:\Users\carlo\Proyectos\blazor-aspnetwebapi-efcore-sample\src\Backend\Contoso.Pizza.AdminApi.MVC\Contoso.Pizza.AdminApi.MVC.csproj]
C:\Program Files\dotnet\sdk\8.0.419\Microsoft.Common.CurrentVersion.targets(5034,5): warning MSB3026: No se pudo copiar "C:\Users\carlo\Proyectos\blazor-aspnetwebapi-efcore-sample\src\Backend\Contoso.Pizza.AdminApi.Services\bin\Debug\net8.0\Contoso.Pizza.AdminApi.Services.dll" en "bin\Debug\net8.0\Contoso.Pizza.AdminApi.Services.dll". Se iniciar├í el reintento 3 dentro de 1000ms. The process cannot access the file 'C:\Users\carlo\Proyectos\blazor-aspnetwebapi-efcore-sample\src\Backend\Contoso.Pizza.AdminApi.MVC\bin\Debug\net8.0\Contoso.Pizza.AdminApi.Services.dll' because it is being used by another process. El archivo se ha bloqueado por: "Contoso.Pizza.AdminApi.MVC (33768)" [C:\Users\carlo\Proyectos\blazor-aspnetwebapi-efcore-sample\src\Backend\Contoso.Pizza.AdminApi.MVC\Contoso.Pizza.AdminApi.MVC.csproj]
C:\Program Files\dotnet\sdk\8.0.419\Microsoft.Common.CurrentVersion.targets(5034,5): warning MSB3026: No se pudo copiar "C:\Users\carlo\Proyectos\blazor-aspnetwebapi-efcore-sample\src\Frontend\Contoso.Pizza.AdminUI.Services\bin\Debug\net8.0\Contoso.Pizza.AdminUI.Services.dll" en "bin\Debug\net8.0\Contoso.Pizza.AdminUI.Services.dll". Se iniciar├í el reintento 4 dentro de 1000ms. The process cannot access the file 'C:\Users\carlo\Proyectos\blazor-aspnetwebapi-efcore-sample\src\Frontend\Contoso.Pizza.AdminUI\bin\Debug\net8.0\Contoso.Pizza.AdminUI.Services.dll' because it is being used by another process. El archivo se ha bloqueado por: "Contoso.Pizza.AdminUI (6712)" [C:\Users\carlo\Proyectos\blazor-aspnetwebapi-efcore-sample\src\Frontend\Contoso.Pizza.AdminUI\Contoso.Pizza.AdminUI.csproj]
C:\Program Files\dotnet\sdk\8.0.419\Microsoft.Common.CurrentVersion.targets(5034,5): warning MSB3026: No se pudo copiar "C:\Users\carlo\Proyectos\blazor-aspnetwebapi-efcore-sample\src\Backend\Contoso.Pizza.AdminApi.Models\bin\Debug\net8.0\Contoso.Pizza.AdminApi.Models.dll" en "bin\Debug\net8.0\Contoso.Pizza.AdminApi.Models.dll". Se iniciar├í el reintento 4 dentro de 1000ms. The process cannot access the file 'C:\Users\carlo\Proyectos\blazor-aspnetwebapi-efcore-sample\src\Frontend\Contoso.Pizza.AdminUI\bin\Debug\net8.0\Contoso.Pizza.AdminApi.Models.dll' because it is being used by another process. El archivo se ha bloqueado por: "Contoso.Pizza.AdminUI (6712)" [C:\Users\carlo\Proyectos\blazor-aspnetwebapi-efcore-sample\src\Frontend\Contoso.Pizza.AdminUI\Contoso.Pizza.AdminUI.csproj]
C:\Program Files\dotnet\sdk\8.0.419\Microsoft.Common.CurrentVersion.targets(5034,5): warning MSB3026: No se pudo copiar "C:\Users\carlo\Proyectos\blazor-aspnetwebapi-efcore-sample\src\Backend\Contoso.Pizza.AdminApi.Models\bin\Debug\net8.0\Contoso.Pizza.AdminApi.Models.dll" en "bin\Debug\net8.0\Contoso.Pizza.AdminApi.Models.dll". Se iniciar├í el reintento 4 dentro de 1000ms. The process cannot access the file 'C:\Users\carlo\Proyectos\blazor-aspnetwebapi-efcore-sample\src\Backend\Contoso.Pizza.AdminApi.MVC\bin\Debug\net8.0\Contoso.Pizza.AdminApi.Models.dll' because it is being used by another process. El archivo se ha bloqueado por: "Contoso.Pizza.AdminApi.MVC (33768)" [C:\Users\carlo\Proyectos\blazor-aspnetwebapi-efcore-sample\src\Backend\Contoso.Pizza.AdminApi.MVC\Contoso.Pizza.AdminApi.MVC.csproj]
C:\Program Files\dotnet\sdk\8.0.419\Microsoft.Common.CurrentVersion.targets(5034,5): warning MSB3026: No se pudo copiar "C:\Users\carlo\Proyectos\blazor-aspnetwebapi-efcore-sample\src\Backend\Contoso.Pizza.Data\bin\Debug\net8.0\Contoso.Pizza.Data.dll" en "bin\Debug\net8.0\Contoso.Pizza.Data.dll". Se iniciar├í el reintento 4 dentro de 1000ms. The process cannot access the file 'C:\Users\carlo\Proyectos\blazor-aspnetwebapi-efcore-sample\src\Backend\Contoso.Pizza.AdminApi.MVC\bin\Debug\net8.0\Contoso.Pizza.Data.dll' because it is being used by another process. El archivo se ha bloqueado por: "Contoso.Pizza.AdminApi.MVC (33768)" [C:\Users\carlo\Proyectos\blazor-aspnetwebapi-efcore-sample\src\Backend\Contoso.Pizza.AdminApi.MVC\Contoso.Pizza.AdminApi.MVC.csproj]
C:\Program Files\dotnet\sdk\8.0.419\Microsoft.Common.CurrentVersion.targets(5034,5): warning MSB3026: No se pudo copiar "C:\Users\carlo\Proyectos\blazor-aspnetwebapi-efcore-sample\src\Backend\Contoso.Pizza.Data.Models\bin\Debug\net8.0\Contoso.Pizza.Data.Models.dll" en "bin\Debug\net8.0\Contoso.Pizza.Data.Models.dll". Se iniciar├í el reintento 4 dentro de 1000ms. The process cannot access the file 'C:\Users\carlo\Proyectos\blazor-aspnetwebapi-efcore-sample\src\Backend\Contoso.Pizza.AdminApi.MVC\bin\Debug\net8.0\Contoso.Pizza.Data.Models.dll' because it is being used by another process. El archivo se ha bloqueado por: "Contoso.Pizza.AdminApi.MVC (33768)" [C:\Users\carlo\Proyectos\blazor-aspnetwebapi-efcore-sample\src\Backend\Contoso.Pizza.AdminApi.MVC\Contoso.Pizza.AdminApi.MVC.csproj]
C:\Program Files\dotnet\sdk\8.0.419\Microsoft.Common.CurrentVersion.targets(5034,5): warning MSB3026: No se pudo copiar "C:\Users\carlo\Proyectos\blazor-aspnetwebapi-efcore-sample\src\Backend\Contoso.Pizza.AdminApi.Services\bin\Debug\net8.0\Contoso.Pizza.AdminApi.Services.dll" en "bin\Debug\net8.0\Contoso.Pizza.AdminApi.Services.dll". Se iniciar├í el reintento 4 dentro de 1000ms. The process cannot access the file 'C:\Users\carlo\Proyectos\blazor-aspnetwebapi-efcore-sample\src\Backend\Contoso.Pizza.AdminApi.MVC\bin\Debug\net8.0\Contoso.Pizza.AdminApi.Services.dll' because it is being used by another process. El archivo se ha bloqueado por: "Contoso.Pizza.AdminApi.MVC (33768)" [C:\Users\carlo\Proyectos\blazor-aspnetwebapi-efcore-sample\src\Backend\Contoso.Pizza.AdminApi.MVC\Contoso.Pizza.AdminApi.MVC.csproj]
C:\Program Files\dotnet\sdk\8.0.419\Microsoft.Common.CurrentVersion.targets(5034,5): warning MSB3026: No se pudo copiar "C:\Users\carlo\Proyectos\blazor-aspnetwebapi-efcore-sample\src\Frontend\Contoso.Pizza.AdminUI.Services\bin\Debug\net8.0\Contoso.Pizza.AdminUI.Services.dll" en "bin\Debug\net8.0\Contoso.Pizza.AdminUI.Services.dll". Se iniciar├í el reintento 5 dentro de 1000ms. The process cannot access the file 'C:\Users\carlo\Proyectos\blazor-aspnetwebapi-efcore-sample\src\Frontend\Contoso.Pizza.AdminUI\bin\Debug\net8.0\Contoso.Pizza.AdminUI.Services.dll' because it is being used by another process. El archivo se ha bloqueado por: "Contoso.Pizza.AdminUI (6712)" [C:\Users\carlo\Proyectos\blazor-aspnetwebapi-efcore-sample\src\Frontend\Contoso.Pizza.AdminUI\Contoso.Pizza.AdminUI.csproj]
C:\Program Files\dotnet\sdk\8.0.419\Microsoft.Common.CurrentVersion.targets(5034,5): warning MSB3026: No se pudo copiar "C:\Users\carlo\Proyectos\blazor-aspnetwebapi-efcore-sample\src\Backend\Contoso.Pizza.AdminApi.Models\bin\Debug\net8.0\Contoso.Pizza.AdminApi.Models.dll" en "bin\Debug\net8.0\Contoso.Pizza.AdminApi.Models.dll". Se iniciar├í el reintento 5 dentro de 1000ms. The process cannot access the file 'C:\Users\carlo\Proyectos\blazor-aspnetwebapi-efcore-sample\src\Frontend\Contoso.Pizza.AdminUI\bin\Debug\net8.0\Contoso.Pizza.AdminApi.Models.dll' because it is being used by another process. El archivo se ha bloqueado por: "Contoso.Pizza.AdminUI (6712)" [C:\Users\carlo\Proyectos\blazor-aspnetwebapi-efcore-sample\src\Frontend\Contoso.Pizza.AdminUI\Contoso.Pizza.AdminUI.csproj]
C:\Program Files\dotnet\sdk\8.0.419\Microsoft.Common.CurrentVersion.targets(5034,5): warning MSB3026: No se pudo copiar "C:\Users\carlo\Proyectos\blazor-aspnetwebapi-efcore-sample\src\Backend\Contoso.Pizza.AdminApi.Models\bin\Debug\net8.0\Contoso.Pizza.AdminApi.Models.dll" en "bin\Debug\net8.0\Contoso.Pizza.AdminApi.Models.dll". Se iniciar├í el reintento 5 dentro de 1000ms. The process cannot access the file 'C:\Users\carlo\Proyectos\blazor-aspnetwebapi-efcore-sample\src\Backend\Contoso.Pizza.AdminApi.MVC\bin\Debug\net8.0\Contoso.Pizza.AdminApi.Models.dll' because it is being used by another process. El archivo se ha bloqueado por: "Contoso.Pizza.AdminApi.MVC (33768)" [C:\Users\carlo\Proyectos\blazor-aspnetwebapi-efcore-sample\src\Backend\Contoso.Pizza.AdminApi.MVC\Contoso.Pizza.AdminApi.MVC.csproj]
C:\Program Files\dotnet\sdk\8.0.419\Microsoft.Common.CurrentVersion.targets(5034,5): warning MSB3026: No se pudo copiar "C:\Users\carlo\Proyectos\blazor-aspnetwebapi-efcore-sample\src\Backend\Contoso.Pizza.AdminApi.Services\bin\Debug\net8.0\Contoso.Pizza.AdminApi.Services.dll" en "bin\Debug\net8.0\Contoso.Pizza.AdminApi.Services.dll". Se iniciar├í el reintento 5 dentro de 1000ms. The process cannot access the file 'C:\Users\carlo\Proyectos\blazor-aspnetwebapi-efcore-sample\src\Backend\Contoso.Pizza.AdminApi.MVC\bin\Debug\net8.0\Contoso.Pizza.AdminApi.Services.dll' because it is being used by another process. El archivo se ha bloqueado por: "Contoso.Pizza.AdminApi.MVC (33768)" [C:\Users\carlo\Proyectos\blazor-aspnetwebapi-efcore-sample\src\Backend\Contoso.Pizza.AdminApi.MVC\Contoso.Pizza.AdminApi.MVC.csproj]
C:\Program Files\dotnet\sdk\8.0.419\Microsoft.Common.CurrentVersion.targets(5034,5): warning MSB3026: No se pudo copiar "C:\Users\carlo\Proyectos\blazor-aspnetwebapi-efcore-sample\src\Backend\Contoso.Pizza.Data\bin\Debug\net8.0\Contoso.Pizza.Data.dll" en "bin\Debug\net8.0\Contoso.Pizza.Data.dll". Se iniciar├í el reintento 5 dentro de 1000ms. The process cannot access the file 'C:\Users\carlo\Proyectos\blazor-aspnetwebapi-efcore-sample\src\Backend\Contoso.Pizza.AdminApi.MVC\bin\Debug\net8.0\Contoso.Pizza.Data.dll' because it is being used by another process. El archivo se ha bloqueado por: "Contoso.Pizza.AdminApi.MVC (33768)" [C:\Users\carlo\Proyectos\blazor-aspnetwebapi-efcore-sample\src\Backend\Contoso.Pizza.AdminApi.MVC\Contoso.Pizza.AdminApi.MVC.csproj]
C:\Program Files\dotnet\sdk\8.0.419\Microsoft.Common.CurrentVersion.targets(5034,5): warning MSB3026: No se pudo copiar "C:\Users\carlo\Proyectos\blazor-aspnetwebapi-efcore-sample\src\Backend\Contoso.Pizza.Data.Models\bin\Debug\net8.0\Contoso.Pizza.Data.Models.dll" en "bin\Debug\net8.0\Contoso.Pizza.Data.Models.dll". Se iniciar├í el reintento 5 dentro de 1000ms. The process cannot access the file 'C:\Users\carlo\Proyectos\blazor-aspnetwebapi-efcore-sample\src\Backend\Contoso.Pizza.AdminApi.MVC\bin\Debug\net8.0\Contoso.Pizza.Data.Models.dll' because it is being used by another process. El archivo se ha bloqueado por: "Contoso.Pizza.AdminApi.MVC (33768)" [C:\Users\carlo\Proyectos\blazor-aspnetwebapi-efcore-sample\src\Backend\Contoso.Pizza.AdminApi.MVC\Contoso.Pizza.AdminApi.MVC.csproj]
C:\Program Files\dotnet\sdk\8.0.419\Microsoft.Common.CurrentVersion.targets(5034,5): warning MSB3026: No se pudo copiar "C:\Users\carlo\Proyectos\blazor-aspnetwebapi-efcore-sample\src\Frontend\Contoso.Pizza.AdminUI.Services\bin\Debug\net8.0\Contoso.Pizza.AdminUI.Services.dll" en "bin\Debug\net8.0\Contoso.Pizza.AdminUI.Services.dll". Se iniciar├í el reintento 6 dentro de 1000ms. The process cannot access the file 'C:\Users\carlo\Proyectos\blazor-aspnetwebapi-efcore-sample\src\Frontend\Contoso.Pizza.AdminUI\bin\Debug\net8.0\Contoso.Pizza.AdminUI.Services.dll' because it is being used by another process. El archivo se ha bloqueado por: "Contoso.Pizza.AdminUI (6712)" [C:\Users\carlo\Proyectos\blazor-aspnetwebapi-efcore-sample\src\Frontend\Contoso.Pizza.AdminUI\Contoso.Pizza.AdminUI.csproj]
C:\Program Files\dotnet\sdk\8.0.419\Microsoft.Common.CurrentVersion.targets(5034,5): warning MSB3026: No se pudo copiar "C:\Users\carlo\Proyectos\blazor-aspnetwebapi-efcore-sample\src\Backend\Contoso.Pizza.AdminApi.Models\bin\Debug\net8.0\Contoso.Pizza.AdminApi.Models.dll" en "bin\Debug\net8.0\Contoso.Pizza.AdminApi.Models.dll". Se iniciar├í el reintento 6 dentro de 1000ms. The process cannot access the file 'C:\Users\carlo\Proyectos\blazor-aspnetwebapi-efcore-sample\src\Frontend\Contoso.Pizza.AdminUI\bin\Debug\net8.0\Contoso.Pizza.AdminApi.Models.dll' because it is being used by another process. El archivo se ha bloqueado por: "Contoso.Pizza.AdminUI (6712)" [C:\Users\carlo\Proyectos\blazor-aspnetwebapi-efcore-sample\src\Frontend\Contoso.Pizza.AdminUI\Contoso.Pizza.AdminUI.csproj]
C:\Program Files\dotnet\sdk\8.0.419\Microsoft.Common.CurrentVersion.targets(5034,5): warning MSB3026: No se pudo copiar "C:\Users\carlo\Proyectos\blazor-aspnetwebapi-efcore-sample\src\Backend\Contoso.Pizza.AdminApi.Models\bin\Debug\net8.0\Contoso.Pizza.AdminApi.Models.dll" en "bin\Debug\net8.0\Contoso.Pizza.AdminApi.Models.dll". Se iniciar├í el reintento 6 dentro de 1000ms. The process cannot access the file 'C:\Users\carlo\Proyectos\blazor-aspnetwebapi-efcore-sample\src\Backend\Contoso.Pizza.AdminApi.MVC\bin\Debug\net8.0\Contoso.Pizza.AdminApi.Models.dll' because it is being used by another process. El archivo se ha bloqueado por: "Contoso.Pizza.AdminApi.MVC (33768)" [C:\Users\carlo\Proyectos\blazor-aspnetwebapi-efcore-sample\src\Backend\Contoso.Pizza.AdminApi.MVC\Contoso.Pizza.AdminApi.MVC.csproj]
C:\Program Files\dotnet\sdk\8.0.419\Microsoft.Common.CurrentVersion.targets(5034,5): warning MSB3026: No se pudo copiar "C:\Users\carlo\Proyectos\blazor-aspnetwebapi-efcore-sample\src\Backend\Contoso.Pizza.AdminApi.Services\bin\Debug\net8.0\Contoso.Pizza.AdminApi.Services.dll" en "bin\Debug\net8.0\Contoso.Pizza.AdminApi.Services.dll". Se iniciar├í el reintento 6 dentro de 1000ms. The process cannot access the file 'C:\Users\carlo\Proyectos\blazor-aspnetwebapi-efcore-sample\src\Backend\Contoso.Pizza.AdminApi.MVC\bin\Debug\net8.0\Contoso.Pizza.AdminApi.Services.dll' because it is being used by another process. El archivo se ha bloqueado por: "Contoso.Pizza.AdminApi.MVC (33768)" [C:\Users\carlo\Proyectos\blazor-aspnetwebapi-efcore-sample\src\Backend\Contoso.Pizza.AdminApi.MVC\Contoso.Pizza.AdminApi.MVC.csproj]
C:\Program Files\dotnet\sdk\8.0.419\Microsoft.Common.CurrentVersion.targets(5034,5): warning MSB3026: No se pudo copiar "C:\Users\carlo\Proyectos\blazor-aspnetwebapi-efcore-sample\src\Backend\Contoso.Pizza.Data\bin\Debug\net8.0\Contoso.Pizza.Data.dll" en "bin\Debug\net8.0\Contoso.Pizza.Data.dll". Se iniciar├í el reintento 6 dentro de 1000ms. The process cannot access the file 'C:\Users\carlo\Proyectos\blazor-aspnetwebapi-efcore-sample\src\Backend\Contoso.Pizza.AdminApi.MVC\bin\Debug\net8.0\Contoso.Pizza.Data.dll' because it is being used by another process. El archivo se ha bloqueado por: "Contoso.Pizza.AdminApi.MVC (33768)" [C:\Users\carlo\Proyectos\blazor-aspnetwebapi-efcore-sample\src\Backend\Contoso.Pizza.AdminApi.MVC\Contoso.Pizza.AdminApi.MVC.csproj]
C:\Program Files\dotnet\sdk\8.0.419\Microsoft.Common.CurrentVersion.targets(5034,5): warning MSB3026: No se pudo copiar "C:\Users\carlo\Proyectos\blazor-aspnetwebapi-efcore-sample\src\Backend\Contoso.Pizza.Data.Models\bin\Debug\net8.0\Contoso.Pizza.Data.Models.dll" en "bin\Debug\net8.0\Contoso.Pizza.Data.Models.dll". Se iniciar├í el reintento 6 dentro de 1000ms. The process cannot access the file 'C:\Users\carlo\Proyectos\blazor-aspnetwebapi-efcore-sample\src\Backend\Contoso.Pizza.AdminApi.MVC\bin\Debug\net8.0\Contoso.Pizza.Data.Models.dll' because it is being used by another process. El archivo se ha bloqueado por: "Contoso.Pizza.AdminApi.MVC (33768)" [C:\Users\carlo\Proyectos\blazor-aspnetwebapi-efcore-sample\src\Backend\Contoso.Pizza.AdminApi.MVC\Contoso.Pizza.AdminApi.MVC.csproj]
C:\Program Files\dotnet\sdk\8.0.419\Microsoft.Common.CurrentVersion.targets(5034,5): warning MSB3026: No se pudo copiar "C:\Users\carlo\Proyectos\blazor-aspnetwebapi-efcore-sample\src\Frontend\Contoso.Pizza.AdminUI.Services\bin\Debug\net8.0\Contoso.Pizza.AdminUI.Services.dll" en "bin\Debug\net8.0\Contoso.Pizza.AdminUI.Services.dll". Se iniciar├í el reintento 7 dentro de 1000ms. The process cannot access the file 'C:\Users\carlo\Proyectos\blazor-aspnetwebapi-efcore-sample\src\Frontend\Contoso.Pizza.AdminUI\bin\Debug\net8.0\Contoso.Pizza.AdminUI.Services.dll' because it is being used by another process. El archivo se ha bloqueado por: "Contoso.Pizza.AdminUI (6712)" [C:\Users\carlo\Proyectos\blazor-aspnetwebapi-efcore-sample\src\Frontend\Contoso.Pizza.AdminUI\Contoso.Pizza.AdminUI.csproj]
C:\Program Files\dotnet\sdk\8.0.419\Microsoft.Common.CurrentVersion.targets(5034,5): warning MSB3026: No se pudo copiar "C:\Users\carlo\Proyectos\blazor-aspnetwebapi-efcore-sample\src\Backend\Contoso.Pizza.AdminApi.Models\bin\Debug\net8.0\Contoso.Pizza.AdminApi.Models.dll" en "bin\Debug\net8.0\Contoso.Pizza.AdminApi.Models.dll". Se iniciar├í el reintento 7 dentro de 1000ms. The process cannot access the file 'C:\Users\carlo\Proyectos\blazor-aspnetwebapi-efcore-sample\src\Frontend\Contoso.Pizza.AdminUI\bin\Debug\net8.0\Contoso.Pizza.AdminApi.Models.dll' because it is being used by another process. El archivo se ha bloqueado por: "Contoso.Pizza.AdminUI (6712)" [C:\Users\carlo\Proyectos\blazor-aspnetwebapi-efcore-sample\src\Frontend\Contoso.Pizza.AdminUI\Contoso.Pizza.AdminUI.csproj]
C:\Program Files\dotnet\sdk\8.0.419\Microsoft.Common.CurrentVersion.targets(5034,5): warning MSB3026: No se pudo copiar "C:\Users\carlo\Proyectos\blazor-aspnetwebapi-efcore-sample\src\Backend\Contoso.Pizza.AdminApi.Models\bin\Debug\net8.0\Contoso.Pizza.AdminApi.Models.dll" en "bin\Debug\net8.0\Contoso.Pizza.AdminApi.Models.dll". Se iniciar├í el reintento 7 dentro de 1000ms. The process cannot access the file 'C:\Users\carlo\Proyectos\blazor-aspnetwebapi-efcore-sample\src\Backend\Contoso.Pizza.AdminApi.MVC\bin\Debug\net8.0\Contoso.Pizza.AdminApi.Models.dll' because it is being used by another process. El archivo se ha bloqueado por: "Contoso.Pizza.AdminApi.MVC (33768)" [C:\Users\carlo\Proyectos\blazor-aspnetwebapi-efcore-sample\src\Backend\Contoso.Pizza.AdminApi.MVC\Contoso.Pizza.AdminApi.MVC.csproj]
C:\Program Files\dotnet\sdk\8.0.419\Microsoft.Common.CurrentVersion.targets(5034,5): warning MSB3026: No se pudo copiar "C:\Users\carlo\Proyectos\blazor-aspnetwebapi-efcore-sample\src\Backend\Contoso.Pizza.AdminApi.Services\bin\Debug\net8.0\Contoso.Pizza.AdminApi.Services.dll" en "bin\Debug\net8.0\Contoso.Pizza.AdminApi.Services.dll". Se iniciar├í el reintento 7 dentro de 1000ms. The process cannot access the file 'C:\Users\carlo\Proyectos\blazor-aspnetwebapi-efcore-sample\src\Backend\Contoso.Pizza.AdminApi.MVC\bin\Debug\net8.0\Contoso.Pizza.AdminApi.Services.dll' because it is being used by another process. El archivo se ha bloqueado por: "Contoso.Pizza.AdminApi.MVC (33768)" [C:\Users\carlo\Proyectos\blazor-aspnetwebapi-efcore-sample\src\Backend\Contoso.Pizza.AdminApi.MVC\Contoso.Pizza.AdminApi.MVC.csproj]
C:\Program Files\dotnet\sdk\8.0.419\Microsoft.Common.CurrentVersion.targets(5034,5): warning MSB3026: No se pudo copiar "C:\Users\carlo\Proyectos\blazor-aspnetwebapi-efcore-sample\src\Backend\Contoso.Pizza.Data\bin\Debug\net8.0\Contoso.Pizza.Data.dll" en "bin\Debug\net8.0\Contoso.Pizza.Data.dll". Se iniciar├í el reintento 7 dentro de 1000ms. The process cannot access the file 'C:\Users\carlo\Proyectos\blazor-aspnetwebapi-efcore-sample\src\Backend\Contoso.Pizza.AdminApi.MVC\bin\Debug\net8.0\Contoso.Pizza.Data.dll' because it is being used by another process. El archivo se ha bloqueado por: "Contoso.Pizza.AdminApi.MVC (33768)" [C:\Users\carlo\Proyectos\blazor-aspnetwebapi-efcore-sample\src\Backend\Contoso.Pizza.AdminApi.MVC\Contoso.Pizza.AdminApi.MVC.csproj]
C:\Program Files\dotnet\sdk\8.0.419\Microsoft.Common.CurrentVersion.targets(5034,5): warning MSB3026: No se pudo copiar "C:\Users\carlo\Proyectos\blazor-aspnetwebapi-efcore-sample\src\Backend\Contoso.Pizza.Data.Models\bin\Debug\net8.0\Contoso.Pizza.Data.Models.dll" en "bin\Debug\net8.0\Contoso.Pizza.Data.Models.dll". Se iniciar├í el reintento 7 dentro de 1000ms. The process cannot access the file 'C:\Users\carlo\Proyectos\blazor-aspnetwebapi-efcore-sample\src\Backend\Contoso.Pizza.AdminApi.MVC\bin\Debug\net8.0\Contoso.Pizza.Data.Models.dll' because it is being used by another process. El archivo se ha bloqueado por: "Contoso.Pizza.AdminApi.MVC (33768)" [C:\Users\carlo\Proyectos\blazor-aspnetwebapi-efcore-sample\src\Backend\Contoso.Pizza.AdminApi.MVC\Contoso.Pizza.AdminApi.MVC.csproj]
C:\Program Files\dotnet\sdk\8.0.419\Microsoft.Common.CurrentVersion.targets(5034,5): warning MSB3026: No se pudo copiar "C:\Users\carlo\Proyectos\blazor-aspnetwebapi-efcore-sample\src\Frontend\Contoso.Pizza.AdminUI.Services\bin\Debug\net8.0\Contoso.Pizza.AdminUI.Services.dll" en "bin\Debug\net8.0\Contoso.Pizza.AdminUI.Services.dll". Se iniciar├í el reintento 8 dentro de 1000ms. The process cannot access the file 'C:\Users\carlo\Proyectos\blazor-aspnetwebapi-efcore-sample\src\Frontend\Contoso.Pizza.AdminUI\bin\Debug\net8.0\Contoso.Pizza.AdminUI.Services.dll' because it is being used by another process. El archivo se ha bloqueado por: "Contoso.Pizza.AdminUI (6712)" [C:\Users\carlo\Proyectos\blazor-aspnetwebapi-efcore-sample\src\Frontend\Contoso.Pizza.AdminUI\Contoso.Pizza.AdminUI.csproj]
C:\Program Files\dotnet\sdk\8.0.419\Microsoft.Common.CurrentVersion.targets(5034,5): warning MSB3026: No se pudo copiar "C:\Users\carlo\Proyectos\blazor-aspnetwebapi-efcore-sample\src\Backend\Contoso.Pizza.AdminApi.Models\bin\Debug\net8.0\Contoso.Pizza.AdminApi.Models.dll" en "bin\Debug\net8.0\Contoso.Pizza.AdminApi.Models.dll". Se iniciar├í el reintento 8 dentro de 1000ms. The process cannot access the file 'C:\Users\carlo\Proyectos\blazor-aspnetwebapi-efcore-sample\src\Frontend\Contoso.Pizza.AdminUI\bin\Debug\net8.0\Contoso.Pizza.AdminApi.Models.dll' because it is being used by another process. El archivo se ha bloqueado por: "Contoso.Pizza.AdminUI (6712)" [C:\Users\carlo\Proyectos\blazor-aspnetwebapi-efcore-sample\src\Frontend\Contoso.Pizza.AdminUI\Contoso.Pizza.AdminUI.csproj]
C:\Program Files\dotnet\sdk\8.0.419\Microsoft.Common.CurrentVersion.targets(5034,5): warning MSB3026: No se pudo copiar "C:\Users\carlo\Proyectos\blazor-aspnetwebapi-efcore-sample\src\Backend\Contoso.Pizza.AdminApi.Models\bin\Debug\net8.0\Contoso.Pizza.AdminApi.Models.dll" en "bin\Debug\net8.0\Contoso.Pizza.AdminApi.Models.dll". Se iniciar├í el reintento 8 dentro de 1000ms. The process cannot access the file 'C:\Users\carlo\Proyectos\blazor-aspnetwebapi-efcore-sample\src\Backend\Contoso.Pizza.AdminApi.MVC\bin\Debug\net8.0\Contoso.Pizza.AdminApi.Models.dll' because it is being used by another process. El archivo se ha bloqueado por: "Contoso.Pizza.AdminApi.MVC (33768)" [C:\Users\carlo\Proyectos\blazor-aspnetwebapi-efcore-sample\src\Backend\Contoso.Pizza.AdminApi.MVC\Contoso.Pizza.AdminApi.MVC.csproj]
C:\Program Files\dotnet\sdk\8.0.419\Microsoft.Common.CurrentVersion.targets(5034,5): warning MSB3026: No se pudo copiar "C:\Users\carlo\Proyectos\blazor-aspnetwebapi-efcore-sample\src\Backend\Contoso.Pizza.AdminApi.Services\bin\Debug\net8.0\Contoso.Pizza.AdminApi.Services.dll" en "bin\Debug\net8.0\Contoso.Pizza.AdminApi.Services.dll". Se iniciar├í el reintento 8 dentro de 1000ms. The process cannot access the file 'C:\Users\carlo\Proyectos\blazor-aspnetwebapi-efcore-sample\src\Backend\Contoso.Pizza.AdminApi.MVC\bin\Debug\net8.0\Contoso.Pizza.AdminApi.Services.dll' because it is being used by another process. El archivo se ha bloqueado por: "Contoso.Pizza.AdminApi.MVC (33768)" [C:\Users\carlo\Proyectos\blazor-aspnetwebapi-efcore-sample\src\Backend\Contoso.Pizza.AdminApi.MVC\Contoso.Pizza.AdminApi.MVC.csproj]
C:\Program Files\dotnet\sdk\8.0.419\Microsoft.Common.CurrentVersion.targets(5034,5): warning MSB3026: No se pudo copiar "C:\Users\carlo\Proyectos\blazor-aspnetwebapi-efcore-sample\src\Backend\Contoso.Pizza.Data\bin\Debug\net8.0\Contoso.Pizza.Data.dll" en "bin\Debug\net8.0\Contoso.Pizza.Data.dll". Se iniciar├í el reintento 8 dentro de 1000ms. The process cannot access the file 'C:\Users\carlo\Proyectos\blazor-aspnetwebapi-efcore-sample\src\Backend\Contoso.Pizza.AdminApi.MVC\bin\Debug\net8.0\Contoso.Pizza.Data.dll' because it is being used by another process. El archivo se ha bloqueado por: "Contoso.Pizza.AdminApi.MVC (33768)" [C:\Users\carlo\Proyectos\blazor-aspnetwebapi-efcore-sample\src\Backend\Contoso.Pizza.AdminApi.MVC\Contoso.Pizza.AdminApi.MVC.csproj]
C:\Program Files\dotnet\sdk\8.0.419\Microsoft.Common.CurrentVersion.targets(5034,5): warning MSB3026: No se pudo copiar "C:\Users\carlo\Proyectos\blazor-aspnetwebapi-efcore-sample\src\Backend\Contoso.Pizza.Data.Models\bin\Debug\net8.0\Contoso.Pizza.Data.Models.dll" en "bin\Debug\net8.0\Contoso.Pizza.Data.Models.dll". Se iniciar├í el reintento 8 dentro de 1000ms. The process cannot access the file 'C:\Users\carlo\Proyectos\blazor-aspnetwebapi-efcore-sample\src\Backend\Contoso.Pizza.AdminApi.MVC\bin\Debug\net8.0\Contoso.Pizza.Data.Models.dll' because it is being used by another process. El archivo se ha bloqueado por: "Contoso.Pizza.AdminApi.MVC (33768)" [C:\Users\carlo\Proyectos\blazor-aspnetwebapi-efcore-sample\src\Backend\Contoso.Pizza.AdminApi.MVC\Contoso.Pizza.AdminApi.MVC.csproj]
C:\Program Files\dotnet\sdk\8.0.419\Microsoft.Common.CurrentVersion.targets(5034,5): warning MSB3026: No se pudo copiar "C:\Users\carlo\Proyectos\blazor-aspnetwebapi-efcore-sample\src\Frontend\Contoso.Pizza.AdminUI.Services\bin\Debug\net8.0\Contoso.Pizza.AdminUI.Services.dll" en "bin\Debug\net8.0\Contoso.Pizza.AdminUI.Services.dll". Se iniciar├í el reintento 9 dentro de 1000ms. The process cannot access the file 'C:\Users\carlo\Proyectos\blazor-aspnetwebapi-efcore-sample\src\Frontend\Contoso.Pizza.AdminUI\bin\Debug\net8.0\Contoso.Pizza.AdminUI.Services.dll' because it is being used by another process. El archivo se ha bloqueado por: "Contoso.Pizza.AdminUI (6712)" [C:\Users\carlo\Proyectos\blazor-aspnetwebapi-efcore-sample\src\Frontend\Contoso.Pizza.AdminUI\Contoso.Pizza.AdminUI.csproj]
C:\Program Files\dotnet\sdk\8.0.419\Microsoft.Common.CurrentVersion.targets(5034,5): warning MSB3026: No se pudo copiar "C:\Users\carlo\Proyectos\blazor-aspnetwebapi-efcore-sample\src\Backend\Contoso.Pizza.AdminApi.Models\bin\Debug\net8.0\Contoso.Pizza.AdminApi.Models.dll" en "bin\Debug\net8.0\Contoso.Pizza.AdminApi.Models.dll". Se iniciar├í el reintento 9 dentro de 1000ms. The process cannot access the file 'C:\Users\carlo\Proyectos\blazor-aspnetwebapi-efcore-sample\src\Frontend\Contoso.Pizza.AdminUI\bin\Debug\net8.0\Contoso.Pizza.AdminApi.Models.dll' because it is being used by another process. El archivo se ha bloqueado por: "Contoso.Pizza.AdminUI (6712)" [C:\Users\carlo\Proyectos\blazor-aspnetwebapi-efcore-sample\src\Frontend\Contoso.Pizza.AdminUI\Contoso.Pizza.AdminUI.csproj]
C:\Program Files\dotnet\sdk\8.0.419\Microsoft.Common.CurrentVersion.targets(5034,5): warning MSB3026: No se pudo copiar "C:\Users\carlo\Proyectos\blazor-aspnetwebapi-efcore-sample\src\Backend\Contoso.Pizza.AdminApi.Models\bin\Debug\net8.0\Contoso.Pizza.AdminApi.Models.dll" en "bin\Debug\net8.0\Contoso.Pizza.AdminApi.Models.dll". Se iniciar├í el reintento 9 dentro de 1000ms. The process cannot access the file 'C:\Users\carlo\Proyectos\blazor-aspnetwebapi-efcore-sample\src\Backend\Contoso.Pizza.AdminApi.MVC\bin\Debug\net8.0\Contoso.Pizza.AdminApi.Models.dll' because it is being used by another process. El archivo se ha bloqueado por: "Contoso.Pizza.AdminApi.MVC (33768)" [C:\Users\carlo\Proyectos\blazor-aspnetwebapi-efcore-sample\src\Backend\Contoso.Pizza.AdminApi.MVC\Contoso.Pizza.AdminApi.MVC.csproj]
C:\Program Files\dotnet\sdk\8.0.419\Microsoft.Common.CurrentVersion.targets(5034,5): warning MSB3026: No se pudo copiar "C:\Users\carlo\Proyectos\blazor-aspnetwebapi-efcore-sample\src\Backend\Contoso.Pizza.AdminApi.Services\bin\Debug\net8.0\Contoso.Pizza.AdminApi.Services.dll" en "bin\Debug\net8.0\Contoso.Pizza.AdminApi.Services.dll". Se iniciar├í el reintento 9 dentro de 1000ms. The process cannot access the file 'C:\Users\carlo\Proyectos\blazor-aspnetwebapi-efcore-sample\src\Backend\Contoso.Pizza.AdminApi.MVC\bin\Debug\net8.0\Contoso.Pizza.AdminApi.Services.dll' because it is being used by another process. El archivo se ha bloqueado por: "Contoso.Pizza.AdminApi.MVC (33768)" [C:\Users\carlo\Proyectos\blazor-aspnetwebapi-efcore-sample\src\Backend\Contoso.Pizza.AdminApi.MVC\Contoso.Pizza.AdminApi.MVC.csproj]
C:\Program Files\dotnet\sdk\8.0.419\Microsoft.Common.CurrentVersion.targets(5034,5): warning MSB3026: No se pudo copiar "C:\Users\carlo\Proyectos\blazor-aspnetwebapi-efcore-sample\src\Backend\Contoso.Pizza.Data\bin\Debug\net8.0\Contoso.Pizza.Data.dll" en "bin\Debug\net8.0\Contoso.Pizza.Data.dll". Se iniciar├í el reintento 9 dentro de 1000ms. The process cannot access the file 'C:\Users\carlo\Proyectos\blazor-aspnetwebapi-efcore-sample\src\Backend\Contoso.Pizza.AdminApi.MVC\bin\Debug\net8.0\Contoso.Pizza.Data.dll' because it is being used by another process. El archivo se ha bloqueado por: "Contoso.Pizza.AdminApi.MVC (33768)" [C:\Users\carlo\Proyectos\blazor-aspnetwebapi-efcore-sample\src\Backend\Contoso.Pizza.AdminApi.MVC\Contoso.Pizza.AdminApi.MVC.csproj]
C:\Program Files\dotnet\sdk\8.0.419\Microsoft.Common.CurrentVersion.targets(5034,5): warning MSB3026: No se pudo copiar "C:\Users\carlo\Proyectos\blazor-aspnetwebapi-efcore-sample\src\Backend\Contoso.Pizza.Data.Models\bin\Debug\net8.0\Contoso.Pizza.Data.Models.dll" en "bin\Debug\net8.0\Contoso.Pizza.Data.Models.dll". Se iniciar├í el reintento 9 dentro de 1000ms. The process cannot access the file 'C:\Users\carlo\Proyectos\blazor-aspnetwebapi-efcore-sample\src\Backend\Contoso.Pizza.AdminApi.MVC\bin\Debug\net8.0\Contoso.Pizza.Data.Models.dll' because it is being used by another process. El archivo se ha bloqueado por: "Contoso.Pizza.AdminApi.MVC (33768)" [C:\Users\carlo\Proyectos\blazor-aspnetwebapi-efcore-sample\src\Backend\Contoso.Pizza.AdminApi.MVC\Contoso.Pizza.AdminApi.MVC.csproj]
C:\Program Files\dotnet\sdk\8.0.419\Microsoft.Common.CurrentVersion.targets(5034,5): warning MSB3026: No se pudo copiar "C:\Users\carlo\Proyectos\blazor-aspnetwebapi-efcore-sample\src\Frontend\Contoso.Pizza.AdminUI.Services\bin\Debug\net8.0\Contoso.Pizza.AdminUI.Services.dll" en "bin\Debug\net8.0\Contoso.Pizza.AdminUI.Services.dll". Se iniciar├í el reintento 10 dentro de 1000ms. The process cannot access the file 'C:\Users\carlo\Proyectos\blazor-aspnetwebapi-efcore-sample\src\Frontend\Contoso.Pizza.AdminUI\bin\Debug\net8.0\Contoso.Pizza.AdminUI.Services.dll' because it is being used by another process. El archivo se ha bloqueado por: "Contoso.Pizza.AdminUI (6712)" [C:\Users\carlo\Proyectos\blazor-aspnetwebapi-efcore-sample\src\Frontend\Contoso.Pizza.AdminUI\Contoso.Pizza.AdminUI.csproj]
C:\Program Files\dotnet\sdk\8.0.419\Microsoft.Common.CurrentVersion.targets(5034,5): warning MSB3026: No se pudo copiar "C:\Users\carlo\Proyectos\blazor-aspnetwebapi-efcore-sample\src\Backend\Contoso.Pizza.AdminApi.Models\bin\Debug\net8.0\Contoso.Pizza.AdminApi.Models.dll" en "bin\Debug\net8.0\Contoso.Pizza.AdminApi.Models.dll". Se iniciar├í el reintento 10 dentro de 1000ms. The process cannot access the file 'C:\Users\carlo\Proyectos\blazor-aspnetwebapi-efcore-sample\src\Frontend\Contoso.Pizza.AdminUI\bin\Debug\net8.0\Contoso.Pizza.AdminApi.Models.dll' because it is being used by another process. El archivo se ha bloqueado por: "Contoso.Pizza.AdminUI (6712)" [C:\Users\carlo\Proyectos\blazor-aspnetwebapi-efcore-sample\src\Frontend\Contoso.Pizza.AdminUI\Contoso.Pizza.AdminUI.csproj]
C:\Program Files\dotnet\sdk\8.0.419\Microsoft.Common.CurrentVersion.targets(5034,5): warning MSB3026: No se pudo copiar "C:\Users\carlo\Proyectos\blazor-aspnetwebapi-efcore-sample\src\Backend\Contoso.Pizza.AdminApi.Models\bin\Debug\net8.0\Contoso.Pizza.AdminApi.Models.dll" en "bin\Debug\net8.0\Contoso.Pizza.AdminApi.Models.dll". Se iniciar├í el reintento 10 dentro de 1000ms. The process cannot access the file 'C:\Users\carlo\Proyectos\blazor-aspnetwebapi-efcore-sample\src\Backend\Contoso.Pizza.AdminApi.MVC\bin\Debug\net8.0\Contoso.Pizza.AdminApi.Models.dll' because it is being used by another process. El archivo se ha bloqueado por: "Contoso.Pizza.AdminApi.MVC (33768)" [C:\Users\carlo\Proyectos\blazor-aspnetwebapi-efcore-sample\src\Backend\Contoso.Pizza.AdminApi.MVC\Contoso.Pizza.AdminApi.MVC.csproj]
C:\Program Files\dotnet\sdk\8.0.419\Microsoft.Common.CurrentVersion.targets(5034,5): warning MSB3026: No se pudo copiar "C:\Users\carlo\Proyectos\blazor-aspnetwebapi-efcore-sample\src\Backend\Contoso.Pizza.AdminApi.Services\bin\Debug\net8.0\Contoso.Pizza.AdminApi.Services.dll" en "bin\Debug\net8.0\Contoso.Pizza.AdminApi.Services.dll". Se iniciar├í el reintento 10 dentro de 1000ms. The process cannot access the file 'C:\Users\carlo\Proyectos\blazor-aspnetwebapi-efcore-sample\src\Backend\Contoso.Pizza.AdminApi.MVC\bin\Debug\net8.0\Contoso.Pizza.AdminApi.Services.dll' because it is being used by another process. El archivo se ha bloqueado por: "Contoso.Pizza.AdminApi.MVC (33768)" [C:\Users\carlo\Proyectos\blazor-aspnetwebapi-efcore-sample\src\Backend\Contoso.Pizza.AdminApi.MVC\Contoso.Pizza.AdminApi.MVC.csproj]
C:\Program Files\dotnet\sdk\8.0.419\Microsoft.Common.CurrentVersion.targets(5034,5): warning MSB3026: No se pudo copiar "C:\Users\carlo\Proyectos\blazor-aspnetwebapi-efcore-sample\src\Backend\Contoso.Pizza.Data\bin\Debug\net8.0\Contoso.Pizza.Data.dll" en "bin\Debug\net8.0\Contoso.Pizza.Data.dll". Se iniciar├í el reintento 10 dentro de 1000ms. The process cannot access the file 'C:\Users\carlo\Proyectos\blazor-aspnetwebapi-efcore-sample\src\Backend\Contoso.Pizza.AdminApi.MVC\bin\Debug\net8.0\Contoso.Pizza.Data.dll' because it is being used by another process. El archivo se ha bloqueado por: "Contoso.Pizza.AdminApi.MVC (33768)" [C:\Users\carlo\Proyectos\blazor-aspnetwebapi-efcore-sample\src\Backend\Contoso.Pizza.AdminApi.MVC\Contoso.Pizza.AdminApi.MVC.csproj]
C:\Program Files\dotnet\sdk\8.0.419\Microsoft.Common.CurrentVersion.targets(5034,5): warning MSB3026: No se pudo copiar "C:\Users\carlo\Proyectos\blazor-aspnetwebapi-efcore-sample\src\Backend\Contoso.Pizza.Data.Models\bin\Debug\net8.0\Contoso.Pizza.Data.Models.dll" en "bin\Debug\net8.0\Contoso.Pizza.Data.Models.dll". Se iniciar├í el reintento 10 dentro de 1000ms. The process cannot access the file 'C:\Users\carlo\Proyectos\blazor-aspnetwebapi-efcore-sample\src\Backend\Contoso.Pizza.AdminApi.MVC\bin\Debug\net8.0\Contoso.Pizza.Data.Models.dll' because it is being used by another process. El archivo se ha bloqueado por: "Contoso.Pizza.AdminApi.MVC (33768)" [C:\Users\carlo\Proyectos\blazor-aspnetwebapi-efcore-sample\src\Backend\Contoso.Pizza.AdminApi.MVC\Contoso.Pizza.AdminApi.MVC.csproj]
C:\Program Files\dotnet\sdk\8.0.419\Microsoft.Common.CurrentVersion.targets(5034,5): error MSB3027: No se pudo copiar "C:\Users\carlo\Proyectos\blazor-aspnetwebapi-efcore-sample\src\Frontend\Contoso.Pizza.AdminUI.Services\bin\Debug\net8.0\Contoso.Pizza.AdminUI.Services.dll" en "bin\Debug\net8.0\Contoso.Pizza.AdminUI.Services.dll". Se super├│ el n├║mero de 10 reintentos. Error. El archivo se ha bloqueado por: "Contoso.Pizza.AdminUI (6712)" [C:\Users\carlo\Proyectos\blazor-aspnetwebapi-efcore-sample\src\Frontend\Contoso.Pizza.AdminUI\Contoso.Pizza.AdminUI.csproj]
C:\Program Files\dotnet\sdk\8.0.419\Microsoft.Common.CurrentVersion.targets(5034,5): error MSB3021: No se puede copiar "C:\Users\carlo\Proyectos\blazor-aspnetwebapi-efcore-sample\src\Frontend\Contoso.Pizza.AdminUI.Services\bin\Debug\net8.0\Contoso.Pizza.AdminUI.Services.dll" en "bin\Debug\net8.0\Contoso.Pizza.AdminUI.Services.dll". The process cannot access the file 'C:\Users\carlo\Proyectos\blazor-aspnetwebapi-efcore-sample\src\Frontend\Contoso.Pizza.AdminUI\bin\Debug\net8.0\Contoso.Pizza.AdminUI.Services.dll' because it is being used by another process. [C:\Users\carlo\Proyectos\blazor-aspnetwebapi-efcore-sample\src\Frontend\Contoso.Pizza.AdminUI\Contoso.Pizza.AdminUI.csproj]
C:\Program Files\dotnet\sdk\8.0.419\Microsoft.Common.CurrentVersion.targets(5034,5): error MSB3027: No se pudo copiar "C:\Users\carlo\Proyectos\blazor-aspnetwebapi-efcore-sample\src\Backend\Contoso.Pizza.AdminApi.Models\bin\Debug\net8.0\Contoso.Pizza.AdminApi.Models.dll" en "bin\Debug\net8.0\Contoso.Pizza.AdminApi.Models.dll". Se super├│ el n├║mero de 10 reintentos. Error. El archivo se ha bloqueado por: "Contoso.Pizza.AdminUI (6712)" [C:\Users\carlo\Proyectos\blazor-aspnetwebapi-efcore-sample\src\Frontend\Contoso.Pizza.AdminUI\Contoso.Pizza.AdminUI.csproj]
C:\Program Files\dotnet\sdk\8.0.419\Microsoft.Common.CurrentVersion.targets(5034,5): error MSB3021: No se puede copiar "C:\Users\carlo\Proyectos\blazor-aspnetwebapi-efcore-sample\src\Backend\Contoso.Pizza.AdminApi.Models\bin\Debug\net8.0\Contoso.Pizza.AdminApi.Models.dll" en "bin\Debug\net8.0\Contoso.Pizza.AdminApi.Models.dll". The process cannot access the file 'C:\Users\carlo\Proyectos\blazor-aspnetwebapi-efcore-sample\src\Frontend\Contoso.Pizza.AdminUI\bin\Debug\net8.0\Contoso.Pizza.AdminApi.Models.dll' because it is being used by another process. [C:\Users\carlo\Proyectos\blazor-aspnetwebapi-efcore-sample\src\Frontend\Contoso.Pizza.AdminUI\Contoso.Pizza.AdminUI.csproj]
C:\Program Files\dotnet\sdk\8.0.419\Microsoft.Common.CurrentVersion.targets(5034,5): error MSB3027: No se pudo copiar "C:\Users\carlo\Proyectos\blazor-aspnetwebapi-efcore-sample\src\Backend\Contoso.Pizza.AdminApi.Models\bin\Debug\net8.0\Contoso.Pizza.AdminApi.Models.dll" en "bin\Debug\net8.0\Contoso.Pizza.AdminApi.Models.dll". Se super├│ el n├║mero de 10 reintentos. Error. El archivo se ha bloqueado por: "Contoso.Pizza.AdminApi.MVC (33768)" [C:\Users\carlo\Proyectos\blazor-aspnetwebapi-efcore-sample\src\Backend\Contoso.Pizza.AdminApi.MVC\Contoso.Pizza.AdminApi.MVC.csproj]
C:\Program Files\dotnet\sdk\8.0.419\Microsoft.Common.CurrentVersion.targets(5034,5): error MSB3021: No se puede copiar "C:\Users\carlo\Proyectos\blazor-aspnetwebapi-efcore-sample\src\Backend\Contoso.Pizza.AdminApi.Models\bin\Debug\net8.0\Contoso.Pizza.AdminApi.Models.dll" en "bin\Debug\net8.0\Contoso.Pizza.AdminApi.Models.dll". The process cannot access the file 'C:\Users\carlo\Proyectos\blazor-aspnetwebapi-efcore-sample\src\Backend\Contoso.Pizza.AdminApi.MVC\bin\Debug\net8.0\Contoso.Pizza.AdminApi.Models.dll' because it is being used by another process. [C:\Users\carlo\Proyectos\blazor-aspnetwebapi-efcore-sample\src\Backend\Contoso.Pizza.AdminApi.MVC\Contoso.Pizza.AdminApi.MVC.csproj]
C:\Program Files\dotnet\sdk\8.0.419\Microsoft.Common.CurrentVersion.targets(5034,5): error MSB3027: No se pudo copiar "C:\Users\carlo\Proyectos\blazor-aspnetwebapi-efcore-sample\src\Backend\Contoso.Pizza.AdminApi.Services\bin\Debug\net8.0\Contoso.Pizza.AdminApi.Services.dll" en "bin\Debug\net8.0\Contoso.Pizza.AdminApi.Services.dll". Se super├│ el n├║mero de 10 reintentos. Error. El archivo se ha bloqueado por: "Contoso.Pizza.AdminApi.MVC (33768)" [C:\Users\carlo\Proyectos\blazor-aspnetwebapi-efcore-sample\src\Backend\Contoso.Pizza.AdminApi.MVC\Contoso.Pizza.AdminApi.MVC.csproj]
C:\Program Files\dotnet\sdk\8.0.419\Microsoft.Common.CurrentVersion.targets(5034,5): error MSB3021: No se puede copiar "C:\Users\carlo\Proyectos\blazor-aspnetwebapi-efcore-sample\src\Backend\Contoso.Pizza.AdminApi.Services\bin\Debug\net8.0\Contoso.Pizza.AdminApi.Services.dll" en "bin\Debug\net8.0\Contoso.Pizza.AdminApi.Services.dll". The process cannot access the file 'C:\Users\carlo\Proyectos\blazor-aspnetwebapi-efcore-sample\src\Backend\Contoso.Pizza.AdminApi.MVC\bin\Debug\net8.0\Contoso.Pizza.AdminApi.Services.dll' because it is being used by another process. [C:\Users\carlo\Proyectos\blazor-aspnetwebapi-efcore-sample\src\Backend\Contoso.Pizza.AdminApi.MVC\Contoso.Pizza.AdminApi.MVC.csproj]
C:\Program Files\dotnet\sdk\8.0.419\Microsoft.Common.CurrentVersion.targets(5034,5): error MSB3027: No se pudo copiar "C:\Users\carlo\Proyectos\blazor-aspnetwebapi-efcore-sample\src\Backend\Contoso.Pizza.Data\bin\Debug\net8.0\Contoso.Pizza.Data.dll" en "bin\Debug\net8.0\Contoso.Pizza.Data.dll". Se super├│ el n├║mero de 10 reintentos. Error. El archivo se ha bloqueado por: "Contoso.Pizza.AdminApi.MVC (33768)" [C:\Users\carlo\Proyectos\blazor-aspnetwebapi-efcore-sample\src\Backend\Contoso.Pizza.AdminApi.MVC\Contoso.Pizza.AdminApi.MVC.csproj]
C:\Program Files\dotnet\sdk\8.0.419\Microsoft.Common.CurrentVersion.targets(5034,5): error MSB3021: No se puede copiar "C:\Users\carlo\Proyectos\blazor-aspnetwebapi-efcore-sample\src\Backend\Contoso.Pizza.Data\bin\Debug\net8.0\Contoso.Pizza.Data.dll" en "bin\Debug\net8.0\Contoso.Pizza.Data.dll". The process cannot access the file 'C:\Users\carlo\Proyectos\blazor-aspnetwebapi-efcore-sample\src\Backend\Contoso.Pizza.AdminApi.MVC\bin\Debug\net8.0\Contoso.Pizza.Data.dll' because it is being used by another process. [C:\Users\carlo\Proyectos\blazor-aspnetwebapi-efcore-sample\src\Backend\Contoso.Pizza.AdminApi.MVC\Contoso.Pizza.AdminApi.MVC.csproj]
C:\Program Files\dotnet\sdk\8.0.419\Microsoft.Common.CurrentVersion.targets(5034,5): error MSB3027: No se pudo copiar "C:\Users\carlo\Proyectos\blazor-aspnetwebapi-efcore-sample\src\Backend\Contoso.Pizza.Data.Models\bin\Debug\net8.0\Contoso.Pizza.Data.Models.dll" en "bin\Debug\net8.0\Contoso.Pizza.Data.Models.dll". Se super├│ el n├║mero de 10 reintentos. Error. El archivo se ha bloqueado por: "Contoso.Pizza.AdminApi.MVC (33768)" [C:\Users\carlo\Proyectos\blazor-aspnetwebapi-efcore-sample\src\Backend\Contoso.Pizza.AdminApi.MVC\Contoso.Pizza.AdminApi.MVC.csproj]
C:\Program Files\dotnet\sdk\8.0.419\Microsoft.Common.CurrentVersion.targets(5034,5): error MSB3021: No se puede copiar "C:\Users\carlo\Proyectos\blazor-aspnetwebapi-efcore-sample\src\Backend\Contoso.Pizza.Data.Models\bin\Debug\net8.0\Contoso.Pizza.Data.Models.dll" en "bin\Debug\net8.0\Contoso.Pizza.Data.Models.dll". The process cannot access the file 'C:\Users\carlo\Proyectos\blazor-aspnetwebapi-efcore-sample\src\Backend\Contoso.Pizza.AdminApi.MVC\bin\Debug\net8.0\Contoso.Pizza.Data.Models.dll' because it is being used by another process. [C:\Users\carlo\Proyectos\blazor-aspnetwebapi-efcore-sample\src\Backend\Contoso.Pizza.AdminApi.MVC\Contoso.Pizza.AdminApi.MVC.csproj]

ERROR al compilar.

C:\Program Files\dotnet\sdk\8.0.419\Microsoft.Common.CurrentVersion.targets(5034,5): warning MSB3026: No se pudo copiar "C:\Users\carlo\Proyectos\blazor-aspnetwebapi-efcore-sample\src\Frontend\Contoso.Pizza.AdminUI.Services\bin\Debug\net8.0\Contoso.Pizza.AdminUI.Services.dll" en "bin\Debug\net8.0\Contoso.Pizza.AdminUI.Services.dll". Se iniciar├í el reintento 1 dentro de 1000ms. The process cannot access the file 'C:\Users\carlo\Proyectos\blazor-aspnetwebapi-efcore-sample\src\Frontend\Contoso.Pizza.AdminUI\bin\Debug\net8.0\Contoso.Pizza.AdminUI.Services.dll' because it is being used by another process. El archivo se ha bloqueado por: "Contoso.Pizza.AdminUI (6712)" [C:\Users\carlo\Proyectos\blazor-aspnetwebapi-efcore-sample\src\Frontend\Contoso.Pizza.AdminUI\Contoso.Pizza.AdminUI.csproj]
C:\Program Files\dotnet\sdk\8.0.419\Microsoft.Common.CurrentVersion.targets(5034,5): warning MSB3026: No se pudo copiar "C:\Users\carlo\Proyectos\blazor-aspnetwebapi-efcore-sample\src\Backend\Contoso.Pizza.AdminApi.Models\bin\Debug\net8.0\Contoso.Pizza.AdminApi.Models.dll" en "bin\Debug\net8.0\Contoso.Pizza.AdminApi.Models.dll". Se iniciar├í el reintento 1 dentro de 1000ms. The process cannot access the file 'C:\Users\carlo\Proyectos\blazor-aspnetwebapi-efcore-sample\src\Frontend\Contoso.Pizza.AdminUI\bin\Debug\net8.0\Contoso.Pizza.AdminApi.Models.dll' because it is being used by another process. El archivo se ha bloqueado por: "Contoso.Pizza.AdminUI (6712)" [C:\Users\carlo\Proyectos\blazor-aspnetwebapi-efcore-sample\src\Frontend\Contoso.Pizza.AdminUI\Contoso.Pizza.AdminUI.csproj]
C:\Program Files\dotnet\sdk\8.0.419\Microsoft.Common.CurrentVersion.targets(5034,5): warning MSB3026: No se pudo copiar "C:\Users\carlo\Proyectos\blazor-aspnetwebapi-efcore-sample\src\Backend\Contoso.Pizza.AdminApi.Models\bin\Debug\net8.0\Contoso.Pizza.AdminApi.Models.dll" en "bin\Debug\net8.0\Contoso.Pizza.AdminApi.Models.dll". Se iniciar├í el reintento 1 dentro de 1000ms. The process cannot access the file 'C:\Users\carlo\Proyectos\blazor-aspnetwebapi-efcore-sample\src\Backend\Contoso.Pizza.AdminApi.MVC\bin\Debug\net8.0\Contoso.Pizza.AdminApi.Models.dll' because it is being used by another process. El archivo se ha bloqueado por: "Contoso.Pizza.AdminApi.MVC (33768)" [C:\Users\carlo\Proyectos\blazor-aspnetwebapi-efcore-sample\src\Backend\Contoso.Pizza.AdminApi.MVC\Contoso.Pizza.AdminApi.MVC.csproj]
C:\Program Files\dotnet\sdk\8.0.419\Microsoft.Common.CurrentVersion.targets(5034,5): warning MSB3026: No se pudo copiar "C:\Users\carlo\Proyectos\blazor-aspnetwebapi-efcore-sample\src\Backend\Contoso.Pizza.Data\bin\Debug\net8.0\Contoso.Pizza.Data.dll" en "bin\Debug\net8.0\Contoso.Pizza.Data.dll". Se iniciar├í el reintento 1 dentro de 1000ms. The process cannot access the file 'C:\Users\carlo\Proyectos\blazor-aspnetwebapi-efcore-sample\src\Backend\Contoso.Pizza.AdminApi.MVC\bin\Debug\net8.0\Contoso.Pizza.Data.dll' because it is being used by another process. El archivo se ha bloqueado por: "Contoso.Pizza.AdminApi.MVC (33768)" [C:\Users\carlo\Proyectos\blazor-aspnetwebapi-efcore-sample\src\Backend\Contoso.Pizza.AdminApi.MVC\Contoso.Pizza.AdminApi.MVC.csproj]
C:\Program Files\dotnet\sdk\8.0.419\Microsoft.Common.CurrentVersion.targets(5034,5): warning MSB3026: No se pudo copiar "C:\Users\carlo\Proyectos\blazor-aspnetwebapi-efcore-sample\src\Backend\Contoso.Pizza.Data.Models\bin\Debug\net8.0\Contoso.Pizza.Data.Models.dll" en "bin\Debug\net8.0\Contoso.Pizza.Data.Models.dll". Se iniciar├í el reintento 1 dentro de 1000ms. The process cannot access the file 'C:\Users\carlo\Proyectos\blazor-aspnetwebapi-efcore-sample\src\Backend\Contoso.Pizza.AdminApi.MVC\bin\Debug\net8.0\Contoso.Pizza.Data.Models.dll' because it is being used by another process. El archivo se ha bloqueado por: "Contoso.Pizza.AdminApi.MVC (33768)" [C:\Users\carlo\Proyectos\blazor-aspnetwebapi-efcore-sample\src\Backend\Contoso.Pizza.AdminApi.MVC\Contoso.Pizza.AdminApi.MVC.csproj]
C:\Program Files\dotnet\sdk\8.0.419\Microsoft.Common.CurrentVersion.targets(5034,5): warning MSB3026: No se pudo copiar "C:\Users\carlo\Proyectos\blazor-aspnetwebapi-efcore-sample\src\Backend\Contoso.Pizza.AdminApi.Services\bin\Debug\net8.0\Contoso.Pizza.AdminApi.Services.dll" en "bin\Debug\net8.0\Contoso.Pizza.AdminApi.Services.dll". Se iniciar├í el reintento 1 dentro de 1000ms. The process cannot access the file 'C:\Users\carlo\Proyectos\blazor-aspnetwebapi-efcore-sample\src\Backend\Contoso.Pizza.AdminApi.MVC\bin\Debug\net8.0\Contoso.Pizza.AdminApi.Services.dll' because it is being used by another process. El archivo se ha bloqueado por: "Contoso.Pizza.AdminApi.MVC (33768)" [C:\Users\carlo\Proyectos\blazor-aspnetwebapi-efcore-sample\src\Backend\Contoso.Pizza.AdminApi.MVC\Contoso.Pizza.AdminApi.MVC.csproj]
C:\Program Files\dotnet\sdk\8.0.419\Microsoft.Common.CurrentVersion.targets(5034,5): warning MSB3026: No se pudo copiar "C:\Users\carlo\Proyectos\blazor-aspnetwebapi-efcore-sample\src\Frontend\Contoso.Pizza.AdminUI.Services\bin\Debug\net8.0\Contoso.Pizza.AdminUI.Services.dll" en "bin\Debug\net8.0\Contoso.Pizza.AdminUI.Services.dll". Se iniciar├í el reintento 2 dentro de 1000ms. The process cannot access the file 'C:\Users\carlo\Proyectos\blazor-aspnetwebapi-efcore-sample\src\Frontend\Contoso.Pizza.AdminUI\bin\Debug\net8.0\Contoso.Pizza.AdminUI.Services.dll' because it is being used by another process. El archivo se ha bloqueado por: "Contoso.Pizza.AdminUI (6712)" [C:\Users\carlo\Proyectos\blazor-aspnetwebapi-efcore-sample\src\Frontend\Contoso.Pizza.AdminUI\Contoso.Pizza.AdminUI.csproj]
C:\Program Files\dotnet\sdk\8.0.419\Microsoft.Common.CurrentVersion.targets(5034,5): warning MSB3026: No se pudo copiar "C:\Users\carlo\Proyectos\blazor-aspnetwebapi-efcore-sample\src\Backend\Contoso.Pizza.AdminApi.Models\bin\Debug\net8.0\Contoso.Pizza.AdminApi.Models.dll" en "bin\Debug\net8.0\Contoso.Pizza.AdminApi.Models.dll". Se iniciar├í el reintento 2 dentro de 1000ms. The process cannot access the file 'C:\Users\carlo\Proyectos\blazor-aspnetwebapi-efcore-sample\src\Frontend\Contoso.Pizza.AdminUI\bin\Debug\net8.0\Contoso.Pizza.AdminApi.Models.dll' because it is being used by another process. El archivo se ha bloqueado por: "Contoso.Pizza.AdminUI (6712)" [C:\Users\carlo\Proyectos\blazor-aspnetwebapi-efcore-sample\src\Frontend\Contoso.Pizza.AdminUI\Contoso.Pizza.AdminUI.csproj]
C:\Program Files\dotnet\sdk\8.0.419\Microsoft.Common.CurrentVersion.targets(5034,5): warning MSB3026: No se pudo copiar "C:\Users\carlo\Proyectos\blazor-aspnetwebapi-efcore-sample\src\Backend\Contoso.Pizza.AdminApi.Models\bin\Debug\net8.0\Contoso.Pizza.AdminApi.Models.dll" en "bin\Debug\net8.0\Contoso.Pizza.AdminApi.Models.dll". Se iniciar├í el reintento 2 dentro de 1000ms. The process cannot access the file 'C:\Users\carlo\Proyectos\blazor-aspnetwebapi-efcore-sample\src\Backend\Contoso.Pizza.AdminApi.MVC\bin\Debug\net8.0\Contoso.Pizza.AdminApi.Models.dll' because it is being used by another process. El archivo se ha bloqueado por: "Contoso.Pizza.AdminApi.MVC (33768)" [C:\Users\carlo\Proyectos\blazor-aspnetwebapi-efcore-sample\src\Backend\Contoso.Pizza.AdminApi.MVC\Contoso.Pizza.AdminApi.MVC.csproj]
C:\Program Files\dotnet\sdk\8.0.419\Microsoft.Common.CurrentVersion.targets(5034,5): warning MSB3026: No se pudo copiar "C:\Users\carlo\Proyectos\blazor-aspnetwebapi-efcore-sample\src\Backend\Contoso.Pizza.Data\bin\Debug\net8.0\Contoso.Pizza.Data.dll" en "bin\Debug\net8.0\Contoso.Pizza.Data.dll". Se iniciar├í el reintento 2 dentro de 1000ms. The process cannot access the file 'C:\Users\carlo\Proyectos\blazor-aspnetwebapi-efcore-sample\src\Backend\Contoso.Pizza.AdminApi.MVC\bin\Debug\net8.0\Contoso.Pizza.Data.dll' because it is being used by another process. El archivo se ha bloqueado por: "Contoso.Pizza.AdminApi.MVC (33768)" [C:\Users\carlo\Proyectos\blazor-aspnetwebapi-efcore-sample\src\Backend\Contoso.Pizza.AdminApi.MVC\Contoso.Pizza.AdminApi.MVC.csproj]
C:\Program Files\dotnet\sdk\8.0.419\Microsoft.Common.CurrentVersion.targets(5034,5): warning MSB3026: No se pudo copiar "C:\Users\carlo\Proyectos\blazor-aspnetwebapi-efcore-sample\src\Backend\Contoso.Pizza.AdminApi.Services\bin\Debug\net8.0\Contoso.Pizza.AdminApi.Services.dll" en "bin\Debug\net8.0\Contoso.Pizza.AdminApi.Services.dll". Se iniciar├í el reintento 2 dentro de 1000ms. The process cannot access the file 'C:\Users\carlo\Proyectos\blazor-aspnetwebapi-efcore-sample\src\Backend\Contoso.Pizza.AdminApi.MVC\bin\Debug\net8.0\Contoso.Pizza.AdminApi.Services.dll' because it is being used by another process. El archivo se ha bloqueado por: "Contoso.Pizza.AdminApi.MVC (33768)" [C:\Users\carlo\Proyectos\blazor-aspnetwebapi-efcore-sample\src\Backend\Contoso.Pizza.AdminApi.MVC\Contoso.Pizza.AdminApi.MVC.csproj]
C:\Program Files\dotnet\sdk\8.0.419\Microsoft.Common.CurrentVersion.targets(5034,5): warning MSB3026: No se pudo copiar "C:\Users\carlo\Proyectos\blazor-aspnetwebapi-efcore-sample\src\Backend\Contoso.Pizza.Data.Models\bin\Debug\net8.0\Contoso.Pizza.Data.Models.dll" en "bin\Debug\net8.0\Contoso.Pizza.Data.Models.dll". Se iniciar├í el reintento 2 dentro de 1000ms. The process cannot access the file 'C:\Users\carlo\Proyectos\blazor-aspnetwebapi-efcore-sample\src\Backend\Contoso.Pizza.AdminApi.MVC\bin\Debug\net8.0\Contoso.Pizza.Data.Models.dll' because it is being used by another process. El archivo se ha bloqueado por: "Contoso.Pizza.AdminApi.MVC (33768)" [C:\Users\carlo\Proyectos\blazor-aspnetwebapi-efcore-sample\src\Backend\Contoso.Pizza.AdminApi.MVC\Contoso.Pizza.AdminApi.MVC.csproj]
C:\Program Files\dotnet\sdk\8.0.419\Microsoft.Common.CurrentVersion.targets(5034,5): warning MSB3026: No se pudo copiar "C:\Users\carlo\Proyectos\blazor-aspnetwebapi-efcore-sample\src\Frontend\Contoso.Pizza.AdminUI.Services\bin\Debug\net8.0\Contoso.Pizza.AdminUI.Services.dll" en "bin\Debug\net8.0\Contoso.Pizza.AdminUI.Services.dll". Se iniciar├í el reintento 3 dentro de 1000ms. The process cannot access the file 'C:\Users\carlo\Proyectos\blazor-aspnetwebapi-efcore-sample\src\Frontend\Contoso.Pizza.AdminUI\bin\Debug\net8.0\Contoso.Pizza.AdminUI.Services.dll' because it is being used by another process. El archivo se ha bloqueado por: "Contoso.Pizza.AdminUI (6712)" [C:\Users\carlo\Proyectos\blazor-aspnetwebapi-efcore-sample\src\Frontend\Contoso.Pizza.AdminUI\Contoso.Pizza.AdminUI.csproj]
C:\Program Files\dotnet\sdk\8.0.419\Microsoft.Common.CurrentVersion.targets(5034,5): warning MSB3026: No se pudo copiar "C:\Users\carlo\Proyectos\blazor-aspnetwebapi-efcore-sample\src\Backend\Contoso.Pizza.AdminApi.Models\bin\Debug\net8.0\Contoso.Pizza.AdminApi.Models.dll" en "bin\Debug\net8.0\Contoso.Pizza.AdminApi.Models.dll". Se iniciar├í el reintento 3 dentro de 1000ms. The process cannot access the file 'C:\Users\carlo\Proyectos\blazor-aspnetwebapi-efcore-sample\src\Frontend\Contoso.Pizza.AdminUI\bin\Debug\net8.0\Contoso.Pizza.AdminApi.Models.dll' because it is being used by another process. El archivo se ha bloqueado por: "Contoso.Pizza.AdminUI (6712)" [C:\Users\carlo\Proyectos\blazor-aspnetwebapi-efcore-sample\src\Frontend\Contoso.Pizza.AdminUI\Contoso.Pizza.AdminUI.csproj]
C:\Program Files\dotnet\sdk\8.0.419\Microsoft.Common.CurrentVersion.targets(5034,5): warning MSB3026: No se pudo copiar "C:\Users\carlo\Proyectos\blazor-aspnetwebapi-efcore-sample\src\Backend\Contoso.Pizza.AdminApi.Models\bin\Debug\net8.0\Contoso.Pizza.AdminApi.Models.dll" en "bin\Debug\net8.0\Contoso.Pizza.AdminApi.Models.dll". Se iniciar├í el reintento 3 dentro de 1000ms. The process cannot access the file 'C:\Users\carlo\Proyectos\blazor-aspnetwebapi-efcore-sample\src\Backend\Contoso.Pizza.AdminApi.MVC\bin\Debug\net8.0\Contoso.Pizza.AdminApi.Models.dll' because it is being used by another process. El archivo se ha bloqueado por: "Contoso.Pizza.AdminApi.MVC (33768)" [C:\Users\carlo\Proyectos\blazor-aspnetwebapi-efcore-sample\src\Backend\Contoso.Pizza.AdminApi.MVC\Contoso.Pizza.AdminApi.MVC.csproj]
C:\Program Files\dotnet\sdk\8.0.419\Microsoft.Common.CurrentVersion.targets(5034,5): warning MSB3026: No se pudo copiar "C:\Users\carlo\Proyectos\blazor-aspnetwebapi-efcore-sample\src\Backend\Contoso.Pizza.Data\bin\Debug\net8.0\Contoso.Pizza.Data.dll" en "bin\Debug\net8.0\Contoso.Pizza.Data.dll". Se iniciar├í el reintento 3 dentro de 1000ms. The process cannot access the file 'C:\Users\carlo\Proyectos\blazor-aspnetwebapi-efcore-sample\src\Backend\Contoso.Pizza.AdminApi.MVC\bin\Debug\net8.0\Contoso.Pizza.Data.dll' because it is being used by another process. El archivo se ha bloqueado por: "Contoso.Pizza.AdminApi.MVC (33768)" [C:\Users\carlo\Proyectos\blazor-aspnetwebapi-efcore-sample\src\Backend\Contoso.Pizza.AdminApi.MVC\Contoso.Pizza.AdminApi.MVC.csproj]
C:\Program Files\dotnet\sdk\8.0.419\Microsoft.Common.CurrentVersion.targets(5034,5): warning MSB3026: No se pudo copiar "C:\Users\carlo\Proyectos\blazor-aspnetwebapi-efcore-sample\src\Backend\Contoso.Pizza.Data.Models\bin\Debug\net8.0\Contoso.Pizza.Data.Models.dll" en "bin\Debug\net8.0\Contoso.Pizza.Data.Models.dll". Se iniciar├í el reintento 3 dentro de 1000ms. The process cannot access the file 'C:\Users\carlo\Proyectos\blazor-aspnetwebapi-efcore-sample\src\Backend\Contoso.Pizza.AdminApi.MVC\bin\Debug\net8.0\Contoso.Pizza.Data.Models.dll' because it is being used by another process. El archivo se ha bloqueado por: "Contoso.Pizza.AdminApi.MVC (33768)" [C:\Users\carlo\Proyectos\blazor-aspnetwebapi-efcore-sample\src\Backend\Contoso.Pizza.AdminApi.MVC\Contoso.Pizza.AdminApi.MVC.csproj]
C:\Program Files\dotnet\sdk\8.0.419\Microsoft.Common.CurrentVersion.targets(5034,5): warning MSB3026: No se pudo copiar "C:\Users\carlo\Proyectos\blazor-aspnetwebapi-efcore-sample\src\Backend\Contoso.Pizza.AdminApi.Services\bin\Debug\net8.0\Contoso.Pizza.AdminApi.Services.dll" en "bin\Debug\net8.0\Contoso.Pizza.AdminApi.Services.dll". Se iniciar├í el reintento 3 dentro de 1000ms. The process cannot access the file 'C:\Users\carlo\Proyectos\blazor-aspnetwebapi-efcore-sample\src\Backend\Contoso.Pizza.AdminApi.MVC\bin\Debug\net8.0\Contoso.Pizza.AdminApi.Services.dll' because it is being used by another process. El archivo se ha bloqueado por: "Contoso.Pizza.AdminApi.MVC (33768)" [C:\Users\carlo\Proyectos\blazor-aspnetwebapi-efcore-sample\src\Backend\Contoso.Pizza.AdminApi.MVC\Contoso.Pizza.AdminApi.MVC.csproj]
C:\Program Files\dotnet\sdk\8.0.419\Microsoft.Common.CurrentVersion.targets(5034,5): warning MSB3026: No se pudo copiar "C:\Users\carlo\Proyectos\blazor-aspnetwebapi-efcore-sample\src\Frontend\Contoso.Pizza.AdminUI.Services\bin\Debug\net8.0\Contoso.Pizza.AdminUI.Services.dll" en "bin\Debug\net8.0\Contoso.Pizza.AdminUI.Services.dll". Se iniciar├í el reintento 4 dentro de 1000ms. The process cannot access the file 'C:\Users\carlo\Proyectos\blazor-aspnetwebapi-efcore-sample\src\Frontend\Contoso.Pizza.AdminUI\bin\Debug\net8.0\Contoso.Pizza.AdminUI.Services.dll' because it is being used by another process. El archivo se ha bloqueado por: "Contoso.Pizza.AdminUI (6712)" [C:\Users\carlo\Proyectos\blazor-aspnetwebapi-efcore-sample\src\Frontend\Contoso.Pizza.AdminUI\Contoso.Pizza.AdminUI.csproj]
C:\Program Files\dotnet\sdk\8.0.419\Microsoft.Common.CurrentVersion.targets(5034,5): warning MSB3026: No se pudo copiar "C:\Users\carlo\Proyectos\blazor-aspnetwebapi-efcore-sample\src\Backend\Contoso.Pizza.AdminApi.Models\bin\Debug\net8.0\Contoso.Pizza.AdminApi.Models.dll" en "bin\Debug\net8.0\Contoso.Pizza.AdminApi.Models.dll". Se iniciar├í el reintento 4 dentro de 1000ms. The process cannot access the file 'C:\Users\carlo\Proyectos\blazor-aspnetwebapi-efcore-sample\src\Frontend\Contoso.Pizza.AdminUI\bin\Debug\net8.0\Contoso.Pizza.AdminApi.Models.dll' because it is being used by another process. El archivo se ha bloqueado por: "Contoso.Pizza.AdminUI (6712)" [C:\Users\carlo\Proyectos\blazor-aspnetwebapi-efcore-sample\src\Frontend\Contoso.Pizza.AdminUI\Contoso.Pizza.AdminUI.csproj]
C:\Program Files\dotnet\sdk\8.0.419\Microsoft.Common.CurrentVersion.targets(5034,5): warning MSB3026: No se pudo copiar "C:\Users\carlo\Proyectos\blazor-aspnetwebapi-efcore-sample\src\Backend\Contoso.Pizza.AdminApi.Models\bin\Debug\net8.0\Contoso.Pizza.AdminApi.Models.dll" en "bin\Debug\net8.0\Contoso.Pizza.AdminApi.Models.dll". Se iniciar├í el reintento 4 dentro de 1000ms. The process cannot access the file 'C:\Users\carlo\Proyectos\blazor-aspnetwebapi-efcore-sample\src\Backend\Contoso.Pizza.AdminApi.MVC\bin\Debug\net8.0\Contoso.Pizza.AdminApi.Models.dll' because it is being used by another process. El archivo se ha bloqueado por: "Contoso.Pizza.AdminApi.MVC (33768)" [C:\Users\carlo\Proyectos\blazor-aspnetwebapi-efcore-sample\src\Backend\Contoso.Pizza.AdminApi.MVC\Contoso.Pizza.AdminApi.MVC.csproj]
C:\Program Files\dotnet\sdk\8.0.419\Microsoft.Common.CurrentVersion.targets(5034,5): warning MSB3026: No se pudo copiar "C:\Users\carlo\Proyectos\blazor-aspnetwebapi-efcore-sample\src\Backend\Contoso.Pizza.Data\bin\Debug\net8.0\Contoso.Pizza.Data.dll" en "bin\Debug\net8.0\Contoso.Pizza.Data.dll". Se iniciar├í el reintento 4 dentro de 1000ms. The process cannot access the file 'C:\Users\carlo\Proyectos\blazor-aspnetwebapi-efcore-sample\src\Backend\Contoso.Pizza.AdminApi.MVC\bin\Debug\net8.0\Contoso.Pizza.Data.dll' because it is being used by another process. El archivo se ha bloqueado por: "Contoso.Pizza.AdminApi.MVC (33768)" [C:\Users\carlo\Proyectos\blazor-aspnetwebapi-efcore-sample\src\Backend\Contoso.Pizza.AdminApi.MVC\Contoso.Pizza.AdminApi.MVC.csproj]
C:\Program Files\dotnet\sdk\8.0.419\Microsoft.Common.CurrentVersion.targets(5034,5): warning MSB3026: No se pudo copiar "C:\Users\carlo\Proyectos\blazor-aspnetwebapi-efcore-sample\src\Backend\Contoso.Pizza.Data.Models\bin\Debug\net8.0\Contoso.Pizza.Data.Models.dll" en "bin\Debug\net8.0\Contoso.Pizza.Data.Models.dll". Se iniciar├í el reintento 4 dentro de 1000ms. The process cannot access the file 'C:\Users\carlo\Proyectos\blazor-aspnetwebapi-efcore-sample\src\Backend\Contoso.Pizza.AdminApi.MVC\bin\Debug\net8.0\Contoso.Pizza.Data.Models.dll' because it is being used by another process. El archivo se ha bloqueado por: "Contoso.Pizza.AdminApi.MVC (33768)" [C:\Users\carlo\Proyectos\blazor-aspnetwebapi-efcore-sample\src\Backend\Contoso.Pizza.AdminApi.MVC\Contoso.Pizza.AdminApi.MVC.csproj]
C:\Program Files\dotnet\sdk\8.0.419\Microsoft.Common.CurrentVersion.targets(5034,5): warning MSB3026: No se pudo copiar "C:\Users\carlo\Proyectos\blazor-aspnetwebapi-efcore-sample\src\Backend\Contoso.Pizza.AdminApi.Services\bin\Debug\net8.0\Contoso.Pizza.AdminApi.Services.dll" en "bin\Debug\net8.0\Contoso.Pizza.AdminApi.Services.dll". Se iniciar├í el reintento 4 dentro de 1000ms. The process cannot access the file 'C:\Users\carlo\Proyectos\blazor-aspnetwebapi-efcore-sample\src\Backend\Contoso.Pizza.AdminApi.MVC\bin\Debug\net8.0\Contoso.Pizza.AdminApi.Services.dll' because it is being used by another process. El archivo se ha bloqueado por: "Contoso.Pizza.AdminApi.MVC (33768)" [C:\Users\carlo\Proyectos\blazor-aspnetwebapi-efcore-sample\src\Backend\Contoso.Pizza.AdminApi.MVC\Contoso.Pizza.AdminApi.MVC.csproj]
C:\Program Files\dotnet\sdk\8.0.419\Microsoft.Common.CurrentVersion.targets(5034,5): warning MSB3026: No se pudo copiar "C:\Users\carlo\Proyectos\blazor-aspnetwebapi-efcore-sample\src\Frontend\Contoso.Pizza.AdminUI.Services\bin\Debug\net8.0\Contoso.Pizza.AdminUI.Services.dll" en "bin\Debug\net8.0\Contoso.Pizza.AdminUI.Services.dll". Se iniciar├í el reintento 5 dentro de 1000ms. The process cannot access the file 'C:\Users\carlo\Proyectos\blazor-aspnetwebapi-efcore-sample\src\Frontend\Contoso.Pizza.AdminUI\bin\Debug\net8.0\Contoso.Pizza.AdminUI.Services.dll' because it is being used by another process. El archivo se ha bloqueado por: "Contoso.Pizza.AdminUI (6712)" [C:\Users\carlo\Proyectos\blazor-aspnetwebapi-efcore-sample\src\Frontend\Contoso.Pizza.AdminUI\Contoso.Pizza.AdminUI.csproj]
C:\Program Files\dotnet\sdk\8.0.419\Microsoft.Common.CurrentVersion.targets(5034,5): warning MSB3026: No se pudo copiar "C:\Users\carlo\Proyectos\blazor-aspnetwebapi-efcore-sample\src\Backend\Contoso.Pizza.AdminApi.Models\bin\Debug\net8.0\Contoso.Pizza.AdminApi.Models.dll" en "bin\Debug\net8.0\Contoso.Pizza.AdminApi.Models.dll". Se iniciar├í el reintento 5 dentro de 1000ms. The process cannot access the file 'C:\Users\carlo\Proyectos\blazor-aspnetwebapi-efcore-sample\src\Frontend\Contoso.Pizza.AdminUI\bin\Debug\net8.0\Contoso.Pizza.AdminApi.Models.dll' because it is being used by another process. El archivo se ha bloqueado por: "Contoso.Pizza.AdminUI (6712)" [C:\Users\carlo\Proyectos\blazor-aspnetwebapi-efcore-sample\src\Frontend\Contoso.Pizza.AdminUI\Contoso.Pizza.AdminUI.csproj]
C:\Program Files\dotnet\sdk\8.0.419\Microsoft.Common.CurrentVersion.targets(5034,5): warning MSB3026: No se pudo copiar "C:\Users\carlo\Proyectos\blazor-aspnetwebapi-efcore-sample\src\Backend\Contoso.Pizza.AdminApi.Models\bin\Debug\net8.0\Contoso.Pizza.AdminApi.Models.dll" en "bin\Debug\net8.0\Contoso.Pizza.AdminApi.Models.dll". Se iniciar├í el reintento 5 dentro de 1000ms. The process cannot access the file 'C:\Users\carlo\Proyectos\blazor-aspnetwebapi-efcore-sample\src\Backend\Contoso.Pizza.AdminApi.MVC\bin\Debug\net8.0\Contoso.Pizza.AdminApi.Models.dll' because it is being used by another process. El archivo se ha bloqueado por: "Contoso.Pizza.AdminApi.MVC (33768)" [C:\Users\carlo\Proyectos\blazor-aspnetwebapi-efcore-sample\src\Backend\Contoso.Pizza.AdminApi.MVC\Contoso.Pizza.AdminApi.MVC.csproj]
C:\Program Files\dotnet\sdk\8.0.419\Microsoft.Common.CurrentVersion.targets(5034,5): warning MSB3026: No se pudo copiar "C:\Users\carlo\Proyectos\blazor-aspnetwebapi-efcore-sample\src\Backend\Contoso.Pizza.AdminApi.Services\bin\Debug\net8.0\Contoso.Pizza.AdminApi.Services.dll" en "bin\Debug\net8.0\Contoso.Pizza.AdminApi.Services.dll". Se iniciar├í el reintento 5 dentro de 1000ms. The process cannot access the file 'C:\Users\carlo\Proyectos\blazor-aspnetwebapi-efcore-sample\src\Backend\Contoso.Pizza.AdminApi.MVC\bin\Debug\net8.0\Contoso.Pizza.AdminApi.Services.dll' because it is being used by another process. El archivo se ha bloqueado por: "Contoso.Pizza.AdminApi.MVC (33768)" [C:\Users\carlo\Proyectos\blazor-aspnetwebapi-efcore-sample\src\Backend\Contoso.Pizza.AdminApi.MVC\Contoso.Pizza.AdminApi.MVC.csproj]
C:\Program Files\dotnet\sdk\8.0.419\Microsoft.Common.CurrentVersion.targets(5034,5): warning MSB3026: No se pudo copiar "C:\Users\carlo\Proyectos\blazor-aspnetwebapi-efcore-sample\src\Backend\Contoso.Pizza.Data\bin\Debug\net8.0\Contoso.Pizza.Data.dll" en "bin\Debug\net8.0\Contoso.Pizza.Data.dll". Se iniciar├í el reintento 5 dentro de 1000ms. The process cannot access the file 'C:\Users\carlo\Proyectos\blazor-aspnetwebapi-efcore-sample\src\Backend\Contoso.Pizza.AdminApi.MVC\bin\Debug\net8.0\Contoso.Pizza.Data.dll' because it is being used by another process. El archivo se ha bloqueado por: "Contoso.Pizza.AdminApi.MVC (33768)" [C:\Users\carlo\Proyectos\blazor-aspnetwebapi-efcore-sample\src\Backend\Contoso.Pizza.AdminApi.MVC\Contoso.Pizza.AdminApi.MVC.csproj]
C:\Program Files\dotnet\sdk\8.0.419\Microsoft.Common.CurrentVersion.targets(5034,5): warning MSB3026: No se pudo copiar "C:\Users\carlo\Proyectos\blazor-aspnetwebapi-efcore-sample\src\Backend\Contoso.Pizza.Data.Models\bin\Debug\net8.0\Contoso.Pizza.Data.Models.dll" en "bin\Debug\net8.0\Contoso.Pizza.Data.Models.dll". Se iniciar├í el reintento 5 dentro de 1000ms. The process cannot access the file 'C:\Users\carlo\Proyectos\blazor-aspnetwebapi-efcore-sample\src\Backend\Contoso.Pizza.AdminApi.MVC\bin\Debug\net8.0\Contoso.Pizza.Data.Models.dll' because it is being used by another process. El archivo se ha bloqueado por: "Contoso.Pizza.AdminApi.MVC (33768)" [C:\Users\carlo\Proyectos\blazor-aspnetwebapi-efcore-sample\src\Backend\Contoso.Pizza.AdminApi.MVC\Contoso.Pizza.AdminApi.MVC.csproj]
C:\Program Files\dotnet\sdk\8.0.419\Microsoft.Common.CurrentVersion.targets(5034,5): warning MSB3026: No se pudo copiar "C:\Users\carlo\Proyectos\blazor-aspnetwebapi-efcore-sample\src\Frontend\Contoso.Pizza.AdminUI.Services\bin\Debug\net8.0\Contoso.Pizza.AdminUI.Services.dll" en "bin\Debug\net8.0\Contoso.Pizza.AdminUI.Services.dll". Se iniciar├í el reintento 6 dentro de 1000ms. The process cannot access the file 'C:\Users\carlo\Proyectos\blazor-aspnetwebapi-efcore-sample\src\Frontend\Contoso.Pizza.AdminUI\bin\Debug\net8.0\Contoso.Pizza.AdminUI.Services.dll' because it is being used by another process. El archivo se ha bloqueado por: "Contoso.Pizza.AdminUI (6712)" [C:\Users\carlo\Proyectos\blazor-aspnetwebapi-efcore-sample\src\Frontend\Contoso.Pizza.AdminUI\Contoso.Pizza.AdminUI.csproj]
C:\Program Files\dotnet\sdk\8.0.419\Microsoft.Common.CurrentVersion.targets(5034,5): warning MSB3026: No se pudo copiar "C:\Users\carlo\Proyectos\blazor-aspnetwebapi-efcore-sample\src\Backend\Contoso.Pizza.AdminApi.Models\bin\Debug\net8.0\Contoso.Pizza.AdminApi.Models.dll" en "bin\Debug\net8.0\Contoso.Pizza.AdminApi.Models.dll". Se iniciar├í el reintento 6 dentro de 1000ms. The process cannot access the file 'C:\Users\carlo\Proyectos\blazor-aspnetwebapi-efcore-sample\src\Frontend\Contoso.Pizza.AdminUI\bin\Debug\net8.0\Contoso.Pizza.AdminApi.Models.dll' because it is being used by another process. El archivo se ha bloqueado por: "Contoso.Pizza.AdminUI (6712)" [C:\Users\carlo\Proyectos\blazor-aspnetwebapi-efcore-sample\src\Frontend\Contoso.Pizza.AdminUI\Contoso.Pizza.AdminUI.csproj]
C:\Program Files\dotnet\sdk\8.0.419\Microsoft.Common.CurrentVersion.targets(5034,5): warning MSB3026: No se pudo copiar "C:\Users\carlo\Proyectos\blazor-aspnetwebapi-efcore-sample\src\Backend\Contoso.Pizza.AdminApi.Models\bin\Debug\net8.0\Contoso.Pizza.AdminApi.Models.dll" en "bin\Debug\net8.0\Contoso.Pizza.AdminApi.Models.dll". Se iniciar├í el reintento 6 dentro de 1000ms. The process cannot access the file 'C:\Users\carlo\Proyectos\blazor-aspnetwebapi-efcore-sample\src\Backend\Contoso.Pizza.AdminApi.MVC\bin\Debug\net8.0\Contoso.Pizza.AdminApi.Models.dll' because it is being used by another process. El archivo se ha bloqueado por: "Contoso.Pizza.AdminApi.MVC (33768)" [C:\Users\carlo\Proyectos\blazor-aspnetwebapi-efcore-sample\src\Backend\Contoso.Pizza.AdminApi.MVC\Contoso.Pizza.AdminApi.MVC.csproj]
C:\Program Files\dotnet\sdk\8.0.419\Microsoft.Common.CurrentVersion.targets(5034,5): warning MSB3026: No se pudo copiar "C:\Users\carlo\Proyectos\blazor-aspnetwebapi-efcore-sample\src\Backend\Contoso.Pizza.AdminApi.Services\bin\Debug\net8.0\Contoso.Pizza.AdminApi.Services.dll" en "bin\Debug\net8.0\Contoso.Pizza.AdminApi.Services.dll". Se iniciar├í el reintento 6 dentro de 1000ms. The process cannot access the file 'C:\Users\carlo\Proyectos\blazor-aspnetwebapi-efcore-sample\src\Backend\Contoso.Pizza.AdminApi.MVC\bin\Debug\net8.0\Contoso.Pizza.AdminApi.Services.dll' because it is being used by another process. El archivo se ha bloqueado por: "Contoso.Pizza.AdminApi.MVC (33768)" [C:\Users\carlo\Proyectos\blazor-aspnetwebapi-efcore-sample\src\Backend\Contoso.Pizza.AdminApi.MVC\Contoso.Pizza.AdminApi.MVC.csproj]
C:\Program Files\dotnet\sdk\8.0.419\Microsoft.Common.CurrentVersion.targets(5034,5): warning MSB3026: No se pudo copiar "C:\Users\carlo\Proyectos\blazor-aspnetwebapi-efcore-sample\src\Backend\Contoso.Pizza.Data\bin\Debug\net8.0\Contoso.Pizza.Data.dll" en "bin\Debug\net8.0\Contoso.Pizza.Data.dll". Se iniciar├í el reintento 6 dentro de 1000ms. The process cannot access the file 'C:\Users\carlo\Proyectos\blazor-aspnetwebapi-efcore-sample\src\Backend\Contoso.Pizza.AdminApi.MVC\bin\Debug\net8.0\Contoso.Pizza.Data.dll' because it is being used by another process. El archivo se ha bloqueado por: "Contoso.Pizza.AdminApi.MVC (33768)" [C:\Users\carlo\Proyectos\blazor-aspnetwebapi-efcore-sample\src\Backend\Contoso.Pizza.AdminApi.MVC\Contoso.Pizza.AdminApi.MVC.csproj]
C:\Program Files\dotnet\sdk\8.0.419\Microsoft.Common.CurrentVersion.targets(5034,5): warning MSB3026: No se pudo copiar "C:\Users\carlo\Proyectos\blazor-aspnetwebapi-efcore-sample\src\Backend\Contoso.Pizza.Data.Models\bin\Debug\net8.0\Contoso.Pizza.Data.Models.dll" en "bin\Debug\net8.0\Contoso.Pizza.Data.Models.dll". Se iniciar├í el reintento 6 dentro de 1000ms. The process cannot access the file 'C:\Users\carlo\Proyectos\blazor-aspnetwebapi-efcore-sample\src\Backend\Contoso.Pizza.AdminApi.MVC\bin\Debug\net8.0\Contoso.Pizza.Data.Models.dll' because it is being used by another process. El archivo se ha bloqueado por: "Contoso.Pizza.AdminApi.MVC (33768)" [C:\Users\carlo\Proyectos\blazor-aspnetwebapi-efcore-sample\src\Backend\Contoso.Pizza.AdminApi.MVC\Contoso.Pizza.AdminApi.MVC.csproj]
C:\Program Files\dotnet\sdk\8.0.419\Microsoft.Common.CurrentVersion.targets(5034,5): warning MSB3026: No se pudo copiar "C:\Users\carlo\Proyectos\blazor-aspnetwebapi-efcore-sample\src\Frontend\Contoso.Pizza.AdminUI.Services\bin\Debug\net8.0\Contoso.Pizza.AdminUI.Services.dll" en "bin\Debug\net8.0\Contoso.Pizza.AdminUI.Services.dll". Se iniciar├í el reintento 7 dentro de 1000ms. The process cannot access the file 'C:\Users\carlo\Proyectos\blazor-aspnetwebapi-efcore-sample\src\Frontend\Contoso.Pizza.AdminUI\bin\Debug\net8.0\Contoso.Pizza.AdminUI.Services.dll' because it is being used by another process. El archivo se ha bloqueado por: "Contoso.Pizza.AdminUI (6712)" [C:\Users\carlo\Proyectos\blazor-aspnetwebapi-efcore-sample\src\Frontend\Contoso.Pizza.AdminUI\Contoso.Pizza.AdminUI.csproj]
C:\Program Files\dotnet\sdk\8.0.419\Microsoft.Common.CurrentVersion.targets(5034,5): warning MSB3026: No se pudo copiar "C:\Users\carlo\Proyectos\blazor-aspnetwebapi-efcore-sample\src\Backend\Contoso.Pizza.AdminApi.Models\bin\Debug\net8.0\Contoso.Pizza.AdminApi.Models.dll" en "bin\Debug\net8.0\Contoso.Pizza.AdminApi.Models.dll". Se iniciar├í el reintento 7 dentro de 1000ms. The process cannot access the file 'C:\Users\carlo\Proyectos\blazor-aspnetwebapi-efcore-sample\src\Frontend\Contoso.Pizza.AdminUI\bin\Debug\net8.0\Contoso.Pizza.AdminApi.Models.dll' because it is being used by another process. El archivo se ha bloqueado por: "Contoso.Pizza.AdminUI (6712)" [C:\Users\carlo\Proyectos\blazor-aspnetwebapi-efcore-sample\src\Frontend\Contoso.Pizza.AdminUI\Contoso.Pizza.AdminUI.csproj]
C:\Program Files\dotnet\sdk\8.0.419\Microsoft.Common.CurrentVersion.targets(5034,5): warning MSB3026: No se pudo copiar "C:\Users\carlo\Proyectos\blazor-aspnetwebapi-efcore-sample\src\Backend\Contoso.Pizza.AdminApi.Models\bin\Debug\net8.0\Contoso.Pizza.AdminApi.Models.dll" en "bin\Debug\net8.0\Contoso.Pizza.AdminApi.Models.dll". Se iniciar├í el reintento 7 dentro de 1000ms. The process cannot access the file 'C:\Users\carlo\Proyectos\blazor-aspnetwebapi-efcore-sample\src\Backend\Contoso.Pizza.AdminApi.MVC\bin\Debug\net8.0\Contoso.Pizza.AdminApi.Models.dll' because it is being used by another process. El archivo se ha bloqueado por: "Contoso.Pizza.AdminApi.MVC (33768)" [C:\Users\carlo\Proyectos\blazor-aspnetwebapi-efcore-sample\src\Backend\Contoso.Pizza.AdminApi.MVC\Contoso.Pizza.AdminApi.MVC.csproj]
C:\Program Files\dotnet\sdk\8.0.419\Microsoft.Common.CurrentVersion.targets(5034,5): warning MSB3026: No se pudo copiar "C:\Users\carlo\Proyectos\blazor-aspnetwebapi-efcore-sample\src\Backend\Contoso.Pizza.AdminApi.Services\bin\Debug\net8.0\Contoso.Pizza.AdminApi.Services.dll" en "bin\Debug\net8.0\Contoso.Pizza.AdminApi.Services.dll". Se iniciar├í el reintento 7 dentro de 1000ms. The process cannot access the file 'C:\Users\carlo\Proyectos\blazor-aspnetwebapi-efcore-sample\src\Backend\Contoso.Pizza.AdminApi.MVC\bin\Debug\net8.0\Contoso.Pizza.AdminApi.Services.dll' because it is being used by another process. El archivo se ha bloqueado por: "Contoso.Pizza.AdminApi.MVC (33768)" [C:\Users\carlo\Proyectos\blazor-aspnetwebapi-efcore-sample\src\Backend\Contoso.Pizza.AdminApi.MVC\Contoso.Pizza.AdminApi.MVC.csproj]
C:\Program Files\dotnet\sdk\8.0.419\Microsoft.Common.CurrentVersion.targets(5034,5): warning MSB3026: No se pudo copiar "C:\Users\carlo\Proyectos\blazor-aspnetwebapi-efcore-sample\src\Backend\Contoso.Pizza.Data\bin\Debug\net8.0\Contoso.Pizza.Data.dll" en "bin\Debug\net8.0\Contoso.Pizza.Data.dll". Se iniciar├í el reintento 7 dentro de 1000ms. The process cannot access the file 'C:\Users\carlo\Proyectos\blazor-aspnetwebapi-efcore-sample\src\Backend\Contoso.Pizza.AdminApi.MVC\bin\Debug\net8.0\Contoso.Pizza.Data.dll' because it is being used by another process. El archivo se ha bloqueado por: "Contoso.Pizza.AdminApi.MVC (33768)" [C:\Users\carlo\Proyectos\blazor-aspnetwebapi-efcore-sample\src\Backend\Contoso.Pizza.AdminApi.MVC\Contoso.Pizza.AdminApi.MVC.csproj]
C:\Program Files\dotnet\sdk\8.0.419\Microsoft.Common.CurrentVersion.targets(5034,5): warning MSB3026: No se pudo copiar "C:\Users\carlo\Proyectos\blazor-aspnetwebapi-efcore-sample\src\Backend\Contoso.Pizza.Data.Models\bin\Debug\net8.0\Contoso.Pizza.Data.Models.dll" en "bin\Debug\net8.0\Contoso.Pizza.Data.Models.dll". Se iniciar├í el reintento 7 dentro de 1000ms. The process cannot access the file 'C:\Users\carlo\Proyectos\blazor-aspnetwebapi-efcore-sample\src\Backend\Contoso.Pizza.AdminApi.MVC\bin\Debug\net8.0\Contoso.Pizza.Data.Models.dll' because it is being used by another process. El archivo se ha bloqueado por: "Contoso.Pizza.AdminApi.MVC (33768)" [C:\Users\carlo\Proyectos\blazor-aspnetwebapi-efcore-sample\src\Backend\Contoso.Pizza.AdminApi.MVC\Contoso.Pizza.AdminApi.MVC.csproj]
C:\Program Files\dotnet\sdk\8.0.419\Microsoft.Common.CurrentVersion.targets(5034,5): warning MSB3026: No se pudo copiar "C:\Users\carlo\Proyectos\blazor-aspnetwebapi-efcore-sample\src\Frontend\Contoso.Pizza.AdminUI.Services\bin\Debug\net8.0\Contoso.Pizza.AdminUI.Services.dll" en "bin\Debug\net8.0\Contoso.Pizza.AdminUI.Services.dll". Se iniciar├í el reintento 8 dentro de 1000ms. The process cannot access the file 'C:\Users\carlo\Proyectos\blazor-aspnetwebapi-efcore-sample\src\Frontend\Contoso.Pizza.AdminUI\bin\Debug\net8.0\Contoso.Pizza.AdminUI.Services.dll' because it is being used by another process. El archivo se ha bloqueado por: "Contoso.Pizza.AdminUI (6712)" [C:\Users\carlo\Proyectos\blazor-aspnetwebapi-efcore-sample\src\Frontend\Contoso.Pizza.AdminUI\Contoso.Pizza.AdminUI.csproj]
C:\Program Files\dotnet\sdk\8.0.419\Microsoft.Common.CurrentVersion.targets(5034,5): warning MSB3026: No se pudo copiar "C:\Users\carlo\Proyectos\blazor-aspnetwebapi-efcore-sample\src\Backend\Contoso.Pizza.AdminApi.Models\bin\Debug\net8.0\Contoso.Pizza.AdminApi.Models.dll" en "bin\Debug\net8.0\Contoso.Pizza.AdminApi.Models.dll". Se iniciar├í el reintento 8 dentro de 1000ms. The process cannot access the file 'C:\Users\carlo\Proyectos\blazor-aspnetwebapi-efcore-sample\src\Frontend\Contoso.Pizza.AdminUI\bin\Debug\net8.0\Contoso.Pizza.AdminApi.Models.dll' because it is being used by another process. El archivo se ha bloqueado por: "Contoso.Pizza.AdminUI (6712)" [C:\Users\carlo\Proyectos\blazor-aspnetwebapi-efcore-sample\src\Frontend\Contoso.Pizza.AdminUI\Contoso.Pizza.AdminUI.csproj]
C:\Program Files\dotnet\sdk\8.0.419\Microsoft.Common.CurrentVersion.targets(5034,5): warning MSB3026: No se pudo copiar "C:\Users\carlo\Proyectos\blazor-aspnetwebapi-efcore-sample\src\Backend\Contoso.Pizza.AdminApi.Models\bin\Debug\net8.0\Contoso.Pizza.AdminApi.Models.dll" en "bin\Debug\net8.0\Contoso.Pizza.AdminApi.Models.dll". Se iniciar├í el reintento 8 dentro de 1000ms. The process cannot access the file 'C:\Users\carlo\Proyectos\blazor-aspnetwebapi-efcore-sample\src\Backend\Contoso.Pizza.AdminApi.MVC\bin\Debug\net8.0\Contoso.Pizza.AdminApi.Models.dll' because it is being used by another process. El archivo se ha bloqueado por: "Contoso.Pizza.AdminApi.MVC (33768)" [C:\Users\carlo\Proyectos\blazor-aspnetwebapi-efcore-sample\src\Backend\Contoso.Pizza.AdminApi.MVC\Contoso.Pizza.AdminApi.MVC.csproj]
C:\Program Files\dotnet\sdk\8.0.419\Microsoft.Common.CurrentVersion.targets(5034,5): warning MSB3026: No se pudo copiar "C:\Users\carlo\Proyectos\blazor-aspnetwebapi-efcore-sample\src\Backend\Contoso.Pizza.AdminApi.Services\bin\Debug\net8.0\Contoso.Pizza.AdminApi.Services.dll" en "bin\Debug\net8.0\Contoso.Pizza.AdminApi.Services.dll". Se iniciar├í el reintento 8 dentro de 1000ms. The process cannot access the file 'C:\Users\carlo\Proyectos\blazor-aspnetwebapi-efcore-sample\src\Backend\Contoso.Pizza.AdminApi.MVC\bin\Debug\net8.0\Contoso.Pizza.AdminApi.Services.dll' because it is being used by another process. El archivo se ha bloqueado por: "Contoso.Pizza.AdminApi.MVC (33768)" [C:\Users\carlo\Proyectos\blazor-aspnetwebapi-efcore-sample\src\Backend\Contoso.Pizza.AdminApi.MVC\Contoso.Pizza.AdminApi.MVC.csproj]
C:\Program Files\dotnet\sdk\8.0.419\Microsoft.Common.CurrentVersion.targets(5034,5): warning MSB3026: No se pudo copiar "C:\Users\carlo\Proyectos\blazor-aspnetwebapi-efcore-sample\src\Backend\Contoso.Pizza.Data\bin\Debug\net8.0\Contoso.Pizza.Data.dll" en "bin\Debug\net8.0\Contoso.Pizza.Data.dll". Se iniciar├í el reintento 8 dentro de 1000ms. The process cannot access the file 'C:\Users\carlo\Proyectos\blazor-aspnetwebapi-efcore-sample\src\Backend\Contoso.Pizza.AdminApi.MVC\bin\Debug\net8.0\Contoso.Pizza.Data.dll' because it is being used by another process. El archivo se ha bloqueado por: "Contoso.Pizza.AdminApi.MVC (33768)" [C:\Users\carlo\Proyectos\blazor-aspnetwebapi-efcore-sample\src\Backend\Contoso.Pizza.AdminApi.MVC\Contoso.Pizza.AdminApi.MVC.csproj]
C:\Program Files\dotnet\sdk\8.0.419\Microsoft.Common.CurrentVersion.targets(5034,5): warning MSB3026: No se pudo copiar "C:\Users\carlo\Proyectos\blazor-aspnetwebapi-efcore-sample\src\Backend\Contoso.Pizza.Data.Models\bin\Debug\net8.0\Contoso.Pizza.Data.Models.dll" en "bin\Debug\net8.0\Contoso.Pizza.Data.Models.dll". Se iniciar├í el reintento 8 dentro de 1000ms. The process cannot access the file 'C:\Users\carlo\Proyectos\blazor-aspnetwebapi-efcore-sample\src\Backend\Contoso.Pizza.AdminApi.MVC\bin\Debug\net8.0\Contoso.Pizza.Data.Models.dll' because it is being used by another process. El archivo se ha bloqueado por: "Contoso.Pizza.AdminApi.MVC (33768)" [C:\Users\carlo\Proyectos\blazor-aspnetwebapi-efcore-sample\src\Backend\Contoso.Pizza.AdminApi.MVC\Contoso.Pizza.AdminApi.MVC.csproj]
C:\Program Files\dotnet\sdk\8.0.419\Microsoft.Common.CurrentVersion.targets(5034,5): warning MSB3026: No se pudo copiar "C:\Users\carlo\Proyectos\blazor-aspnetwebapi-efcore-sample\src\Frontend\Contoso.Pizza.AdminUI.Services\bin\Debug\net8.0\Contoso.Pizza.AdminUI.Services.dll" en "bin\Debug\net8.0\Contoso.Pizza.AdminUI.Services.dll". Se iniciar├í el reintento 9 dentro de 1000ms. The process cannot access the file 'C:\Users\carlo\Proyectos\blazor-aspnetwebapi-efcore-sample\src\Frontend\Contoso.Pizza.AdminUI\bin\Debug\net8.0\Contoso.Pizza.AdminUI.Services.dll' because it is being used by another process. El archivo se ha bloqueado por: "Contoso.Pizza.AdminUI (6712)" [C:\Users\carlo\Proyectos\blazor-aspnetwebapi-efcore-sample\src\Frontend\Contoso.Pizza.AdminUI\Contoso.Pizza.AdminUI.csproj]
C:\Program Files\dotnet\sdk\8.0.419\Microsoft.Common.CurrentVersion.targets(5034,5): warning MSB3026: No se pudo copiar "C:\Users\carlo\Proyectos\blazor-aspnetwebapi-efcore-sample\src\Backend\Contoso.Pizza.AdminApi.Models\bin\Debug\net8.0\Contoso.Pizza.AdminApi.Models.dll" en "bin\Debug\net8.0\Contoso.Pizza.AdminApi.Models.dll". Se iniciar├í el reintento 9 dentro de 1000ms. The process cannot access the file 'C:\Users\carlo\Proyectos\blazor-aspnetwebapi-efcore-sample\src\Frontend\Contoso.Pizza.AdminUI\bin\Debug\net8.0\Contoso.Pizza.AdminApi.Models.dll' because it is being used by another process. El archivo se ha bloqueado por: "Contoso.Pizza.AdminUI (6712)" [C:\Users\carlo\Proyectos\blazor-aspnetwebapi-efcore-sample\src\Frontend\Contoso.Pizza.AdminUI\Contoso.Pizza.AdminUI.csproj]
C:\Program Files\dotnet\sdk\8.0.419\Microsoft.Common.CurrentVersion.targets(5034,5): warning MSB3026: No se pudo copiar "C:\Users\carlo\Proyectos\blazor-aspnetwebapi-efcore-sample\src\Backend\Contoso.Pizza.AdminApi.Models\bin\Debug\net8.0\Contoso.Pizza.AdminApi.Models.dll" en "bin\Debug\net8.0\Contoso.Pizza.AdminApi.Models.dll". Se iniciar├í el reintento 9 dentro de 1000ms. The process cannot access the file 'C:\Users\carlo\Proyectos\blazor-aspnetwebapi-efcore-sample\src\Backend\Contoso.Pizza.AdminApi.MVC\bin\Debug\net8.0\Contoso.Pizza.AdminApi.Models.dll' because it is being used by another process. El archivo se ha bloqueado por: "Contoso.Pizza.AdminApi.MVC (33768)" [C:\Users\carlo\Proyectos\blazor-aspnetwebapi-efcore-sample\src\Backend\Contoso.Pizza.AdminApi.MVC\Contoso.Pizza.AdminApi.MVC.csproj]
C:\Program Files\dotnet\sdk\8.0.419\Microsoft.Common.CurrentVersion.targets(5034,5): warning MSB3026: No se pudo copiar "C:\Users\carlo\Proyectos\blazor-aspnetwebapi-efcore-sample\src\Backend\Contoso.Pizza.AdminApi.Services\bin\Debug\net8.0\Contoso.Pizza.AdminApi.Services.dll" en "bin\Debug\net8.0\Contoso.Pizza.AdminApi.Services.dll". Se iniciar├í el reintento 9 dentro de 1000ms. The process cannot access the file 'C:\Users\carlo\Proyectos\blazor-aspnetwebapi-efcore-sample\src\Backend\Contoso.Pizza.AdminApi.MVC\bin\Debug\net8.0\Contoso.Pizza.AdminApi.Services.dll' because it is being used by another process. El archivo se ha bloqueado por: "Contoso.Pizza.AdminApi.MVC (33768)" [C:\Users\carlo\Proyectos\blazor-aspnetwebapi-efcore-sample\src\Backend\Contoso.Pizza.AdminApi.MVC\Contoso.Pizza.AdminApi.MVC.csproj]
C:\Program Files\dotnet\sdk\8.0.419\Microsoft.Common.CurrentVersion.targets(5034,5): warning MSB3026: No se pudo copiar "C:\Users\carlo\Proyectos\blazor-aspnetwebapi-efcore-sample\src\Backend\Contoso.Pizza.Data\bin\Debug\net8.0\Contoso.Pizza.Data.dll" en "bin\Debug\net8.0\Contoso.Pizza.Data.dll". Se iniciar├í el reintento 9 dentro de 1000ms. The process cannot access the file 'C:\Users\carlo\Proyectos\blazor-aspnetwebapi-efcore-sample\src\Backend\Contoso.Pizza.AdminApi.MVC\bin\Debug\net8.0\Contoso.Pizza.Data.dll' because it is being used by another process. El archivo se ha bloqueado por: "Contoso.Pizza.AdminApi.MVC (33768)" [C:\Users\carlo\Proyectos\blazor-aspnetwebapi-efcore-sample\src\Backend\Contoso.Pizza.AdminApi.MVC\Contoso.Pizza.AdminApi.MVC.csproj]
C:\Program Files\dotnet\sdk\8.0.419\Microsoft.Common.CurrentVersion.targets(5034,5): warning MSB3026: No se pudo copiar "C:\Users\carlo\Proyectos\blazor-aspnetwebapi-efcore-sample\src\Backend\Contoso.Pizza.Data.Models\bin\Debug\net8.0\Contoso.Pizza.Data.Models.dll" en "bin\Debug\net8.0\Contoso.Pizza.Data.Models.dll". Se iniciar├í el reintento 9 dentro de 1000ms. The process cannot access the file 'C:\Users\carlo\Proyectos\blazor-aspnetwebapi-efcore-sample\src\Backend\Contoso.Pizza.AdminApi.MVC\bin\Debug\net8.0\Contoso.Pizza.Data.Models.dll' because it is being used by another process. El archivo se ha bloqueado por: "Contoso.Pizza.AdminApi.MVC (33768)" [C:\Users\carlo\Proyectos\blazor-aspnetwebapi-efcore-sample\src\Backend\Contoso.Pizza.AdminApi.MVC\Contoso.Pizza.AdminApi.MVC.csproj]
C:\Program Files\dotnet\sdk\8.0.419\Microsoft.Common.CurrentVersion.targets(5034,5): warning MSB3026: No se pudo copiar "C:\Users\carlo\Proyectos\blazor-aspnetwebapi-efcore-sample\src\Frontend\Contoso.Pizza.AdminUI.Services\bin\Debug\net8.0\Contoso.Pizza.AdminUI.Services.dll" en "bin\Debug\net8.0\Contoso.Pizza.AdminUI.Services.dll". Se iniciar├í el reintento 10 dentro de 1000ms. The process cannot access the file 'C:\Users\carlo\Proyectos\blazor-aspnetwebapi-efcore-sample\src\Frontend\Contoso.Pizza.AdminUI\bin\Debug\net8.0\Contoso.Pizza.AdminUI.Services.dll' because it is being used by another process. El archivo se ha bloqueado por: "Contoso.Pizza.AdminUI (6712)" [C:\Users\carlo\Proyectos\blazor-aspnetwebapi-efcore-sample\src\Frontend\Contoso.Pizza.AdminUI\Contoso.Pizza.AdminUI.csproj]
C:\Program Files\dotnet\sdk\8.0.419\Microsoft.Common.CurrentVersion.targets(5034,5): warning MSB3026: No se pudo copiar "C:\Users\carlo\Proyectos\blazor-aspnetwebapi-efcore-sample\src\Backend\Contoso.Pizza.AdminApi.Models\bin\Debug\net8.0\Contoso.Pizza.AdminApi.Models.dll" en "bin\Debug\net8.0\Contoso.Pizza.AdminApi.Models.dll". Se iniciar├í el reintento 10 dentro de 1000ms. The process cannot access the file 'C:\Users\carlo\Proyectos\blazor-aspnetwebapi-efcore-sample\src\Frontend\Contoso.Pizza.AdminUI\bin\Debug\net8.0\Contoso.Pizza.AdminApi.Models.dll' because it is being used by another process. El archivo se ha bloqueado por: "Contoso.Pizza.AdminUI (6712)" [C:\Users\carlo\Proyectos\blazor-aspnetwebapi-efcore-sample\src\Frontend\Contoso.Pizza.AdminUI\Contoso.Pizza.AdminUI.csproj]
C:\Program Files\dotnet\sdk\8.0.419\Microsoft.Common.CurrentVersion.targets(5034,5): warning MSB3026: No se pudo copiar "C:\Users\carlo\Proyectos\blazor-aspnetwebapi-efcore-sample\src\Backend\Contoso.Pizza.AdminApi.Models\bin\Debug\net8.0\Contoso.Pizza.AdminApi.Models.dll" en "bin\Debug\net8.0\Contoso.Pizza.AdminApi.Models.dll". Se iniciar├í el reintento 10 dentro de 1000ms. The process cannot access the file 'C:\Users\carlo\Proyectos\blazor-aspnetwebapi-efcore-sample\src\Backend\Contoso.Pizza.AdminApi.MVC\bin\Debug\net8.0\Contoso.Pizza.AdminApi.Models.dll' because it is being used by another process. El archivo se ha bloqueado por: "Contoso.Pizza.AdminApi.MVC (33768)" [C:\Users\carlo\Proyectos\blazor-aspnetwebapi-efcore-sample\src\Backend\Contoso.Pizza.AdminApi.MVC\Contoso.Pizza.AdminApi.MVC.csproj]
C:\Program Files\dotnet\sdk\8.0.419\Microsoft.Common.CurrentVersion.targets(5034,5): warning MSB3026: No se pudo copiar "C:\Users\carlo\Proyectos\blazor-aspnetwebapi-efcore-sample\src\Backend\Contoso.Pizza.AdminApi.Services\bin\Debug\net8.0\Contoso.Pizza.AdminApi.Services.dll" en "bin\Debug\net8.0\Contoso.Pizza.AdminApi.Services.dll". Se iniciar├í el reintento 10 dentro de 1000ms. The process cannot access the file 'C:\Users\carlo\Proyectos\blazor-aspnetwebapi-efcore-sample\src\Backend\Contoso.Pizza.AdminApi.MVC\bin\Debug\net8.0\Contoso.Pizza.AdminApi.Services.dll' because it is being used by another process. El archivo se ha bloqueado por: "Contoso.Pizza.AdminApi.MVC (33768)" [C:\Users\carlo\Proyectos\blazor-aspnetwebapi-efcore-sample\src\Backend\Contoso.Pizza.AdminApi.MVC\Contoso.Pizza.AdminApi.MVC.csproj]
C:\Program Files\dotnet\sdk\8.0.419\Microsoft.Common.CurrentVersion.targets(5034,5): warning MSB3026: No se pudo copiar "C:\Users\carlo\Proyectos\blazor-aspnetwebapi-efcore-sample\src\Backend\Contoso.Pizza.Data\bin\Debug\net8.0\Contoso.Pizza.Data.dll" en "bin\Debug\net8.0\Contoso.Pizza.Data.dll". Se iniciar├í el reintento 10 dentro de 1000ms. The process cannot access the file 'C:\Users\carlo\Proyectos\blazor-aspnetwebapi-efcore-sample\src\Backend\Contoso.Pizza.AdminApi.MVC\bin\Debug\net8.0\Contoso.Pizza.Data.dll' because it is being used by another process. El archivo se ha bloqueado por: "Contoso.Pizza.AdminApi.MVC (33768)" [C:\Users\carlo\Proyectos\blazor-aspnetwebapi-efcore-sample\src\Backend\Contoso.Pizza.AdminApi.MVC\Contoso.Pizza.AdminApi.MVC.csproj]
C:\Program Files\dotnet\sdk\8.0.419\Microsoft.Common.CurrentVersion.targets(5034,5): warning MSB3026: No se pudo copiar "C:\Users\carlo\Proyectos\blazor-aspnetwebapi-efcore-sample\src\Backend\Contoso.Pizza.Data.Models\bin\Debug\net8.0\Contoso.Pizza.Data.Models.dll" en "bin\Debug\net8.0\Contoso.Pizza.Data.Models.dll". Se iniciar├í el reintento 10 dentro de 1000ms. The process cannot access the file 'C:\Users\carlo\Proyectos\blazor-aspnetwebapi-efcore-sample\src\Backend\Contoso.Pizza.AdminApi.MVC\bin\Debug\net8.0\Contoso.Pizza.Data.Models.dll' because it is being used by another process. El archivo se ha bloqueado por: "Contoso.Pizza.AdminApi.MVC (33768)" [C:\Users\carlo\Proyectos\blazor-aspnetwebapi-efcore-sample\src\Backend\Contoso.Pizza.AdminApi.MVC\Contoso.Pizza.AdminApi.MVC.csproj]
C:\Program Files\dotnet\sdk\8.0.419\Microsoft.Common.CurrentVersion.targets(5034,5): error MSB3027: No se pudo copiar "C:\Users\carlo\Proyectos\blazor-aspnetwebapi-efcore-sample\src\Frontend\Contoso.Pizza.AdminUI.Services\bin\Debug\net8.0\Contoso.Pizza.AdminUI.Services.dll" en "bin\Debug\net8.0\Contoso.Pizza.AdminUI.Services.dll". Se super├│ el n├║mero de 10 reintentos. Error. El archivo se ha bloqueado por: "Contoso.Pizza.AdminUI (6712)" [C:\Users\carlo\Proyectos\blazor-aspnetwebapi-efcore-sample\src\Frontend\Contoso.Pizza.AdminUI\Contoso.Pizza.AdminUI.csproj]
C:\Program Files\dotnet\sdk\8.0.419\Microsoft.Common.CurrentVersion.targets(5034,5): error MSB3021: No se puede copiar "C:\Users\carlo\Proyectos\blazor-aspnetwebapi-efcore-sample\src\Frontend\Contoso.Pizza.AdminUI.Services\bin\Debug\net8.0\Contoso.Pizza.AdminUI.Services.dll" en "bin\Debug\net8.0\Contoso.Pizza.AdminUI.Services.dll". The process cannot access the file 'C:\Users\carlo\Proyectos\blazor-aspnetwebapi-efcore-sample\src\Frontend\Contoso.Pizza.AdminUI\bin\Debug\net8.0\Contoso.Pizza.AdminUI.Services.dll' because it is being used by another process. [C:\Users\carlo\Proyectos\blazor-aspnetwebapi-efcore-sample\src\Frontend\Contoso.Pizza.AdminUI\Contoso.Pizza.AdminUI.csproj]
C:\Program Files\dotnet\sdk\8.0.419\Microsoft.Common.CurrentVersion.targets(5034,5): error MSB3027: No se pudo copiar "C:\Users\carlo\Proyectos\blazor-aspnetwebapi-efcore-sample\src\Backend\Contoso.Pizza.AdminApi.Models\bin\Debug\net8.0\Contoso.Pizza.AdminApi.Models.dll" en "bin\Debug\net8.0\Contoso.Pizza.AdminApi.Models.dll". Se super├│ el n├║mero de 10 reintentos. Error. El archivo se ha bloqueado por: "Contoso.Pizza.AdminUI (6712)" [C:\Users\carlo\Proyectos\blazor-aspnetwebapi-efcore-sample\src\Frontend\Contoso.Pizza.AdminUI\Contoso.Pizza.AdminUI.csproj]
C:\Program Files\dotnet\sdk\8.0.419\Microsoft.Common.CurrentVersion.targets(5034,5): error MSB3021: No se puede copiar "C:\Users\carlo\Proyectos\blazor-aspnetwebapi-efcore-sample\src\Backend\Contoso.Pizza.AdminApi.Models\bin\Debug\net8.0\Contoso.Pizza.AdminApi.Models.dll" en "bin\Debug\net8.0\Contoso.Pizza.AdminApi.Models.dll". The process cannot access the file 'C:\Users\carlo\Proyectos\blazor-aspnetwebapi-efcore-sample\src\Frontend\Contoso.Pizza.AdminUI\bin\Debug\net8.0\Contoso.Pizza.AdminApi.Models.dll' because it is being used by another process. [C:\Users\carlo\Proyectos\blazor-aspnetwebapi-efcore-sample\src\Frontend\Contoso.Pizza.AdminUI\Contoso.Pizza.AdminUI.csproj]
C:\Program Files\dotnet\sdk\8.0.419\Microsoft.Common.CurrentVersion.targets(5034,5): error MSB3027: No se pudo copiar "C:\Users\carlo\Proyectos\blazor-aspnetwebapi-efcore-sample\src\Backend\Contoso.Pizza.AdminApi.Models\bin\Debug\net8.0\Contoso.Pizza.AdminApi.Models.dll" en "bin\Debug\net8.0\Contoso.Pizza.AdminApi.Models.dll". Se super├│ el n├║mero de 10 reintentos. Error. El archivo se ha bloqueado por: "Contoso.Pizza.AdminApi.MVC (33768)" [C:\Users\carlo\Proyectos\blazor-aspnetwebapi-efcore-sample\src\Backend\Contoso.Pizza.AdminApi.MVC\Contoso.Pizza.AdminApi.MVC.csproj]
C:\Program Files\dotnet\sdk\8.0.419\Microsoft.Common.CurrentVersion.targets(5034,5): error MSB3021: No se puede copiar "C:\Users\carlo\Proyectos\blazor-aspnetwebapi-efcore-sample\src\Backend\Contoso.Pizza.AdminApi.Models\bin\Debug\net8.0\Contoso.Pizza.AdminApi.Models.dll" en "bin\Debug\net8.0\Contoso.Pizza.AdminApi.Models.dll". The process cannot access the file 'C:\Users\carlo\Proyectos\blazor-aspnetwebapi-efcore-sample\src\Backend\Contoso.Pizza.AdminApi.MVC\bin\Debug\net8.0\Contoso.Pizza.AdminApi.Models.dll' because it is being used by another process. [C:\Users\carlo\Proyectos\blazor-aspnetwebapi-efcore-sample\src\Backend\Contoso.Pizza.AdminApi.MVC\Contoso.Pizza.AdminApi.MVC.csproj]
C:\Program Files\dotnet\sdk\8.0.419\Microsoft.Common.CurrentVersion.targets(5034,5): error MSB3027: No se pudo copiar "C:\Users\carlo\Proyectos\blazor-aspnetwebapi-efcore-sample\src\Backend\Contoso.Pizza.AdminApi.Services\bin\Debug\net8.0\Contoso.Pizza.AdminApi.Services.dll" en "bin\Debug\net8.0\Contoso.Pizza.AdminApi.Services.dll". Se super├│ el n├║mero de 10 reintentos. Error. El archivo se ha bloqueado por: "Contoso.Pizza.AdminApi.MVC (33768)" [C:\Users\carlo\Proyectos\blazor-aspnetwebapi-efcore-sample\src\Backend\Contoso.Pizza.AdminApi.MVC\Contoso.Pizza.AdminApi.MVC.csproj]
C:\Program Files\dotnet\sdk\8.0.419\Microsoft.Common.CurrentVersion.targets(5034,5): error MSB3021: No se puede copiar "C:\Users\carlo\Proyectos\blazor-aspnetwebapi-efcore-sample\src\Backend\Contoso.Pizza.AdminApi.Services\bin\Debug\net8.0\Contoso.Pizza.AdminApi.Services.dll" en "bin\Debug\net8.0\Contoso.Pizza.AdminApi.Services.dll". The process cannot access the file 'C:\Users\carlo\Proyectos\blazor-aspnetwebapi-efcore-sample\src\Backend\Contoso.Pizza.AdminApi.MVC\bin\Debug\net8.0\Contoso.Pizza.AdminApi.Services.dll' because it is being used by another process. [C:\Users\carlo\Proyectos\blazor-aspnetwebapi-efcore-sample\src\Backend\Contoso.Pizza.AdminApi.MVC\Contoso.Pizza.AdminApi.MVC.csproj]
C:\Program Files\dotnet\sdk\8.0.419\Microsoft.Common.CurrentVersion.targets(5034,5): error MSB3027: No se pudo copiar "C:\Users\carlo\Proyectos\blazor-aspnetwebapi-efcore-sample\src\Backend\Contoso.Pizza.Data\bin\Debug\net8.0\Contoso.Pizza.Data.dll" en "bin\Debug\net8.0\Contoso.Pizza.Data.dll". Se super├│ el n├║mero de 10 reintentos. Error. El archivo se ha bloqueado por: "Contoso.Pizza.AdminApi.MVC (33768)" [C:\Users\carlo\Proyectos\blazor-aspnetwebapi-efcore-sample\src\Backend\Contoso.Pizza.AdminApi.MVC\Contoso.Pizza.AdminApi.MVC.csproj]
C:\Program Files\dotnet\sdk\8.0.419\Microsoft.Common.CurrentVersion.targets(5034,5): error MSB3021: No se puede copiar "C:\Users\carlo\Proyectos\blazor-aspnetwebapi-efcore-sample\src\Backend\Contoso.Pizza.Data\bin\Debug\net8.0\Contoso.Pizza.Data.dll" en "bin\Debug\net8.0\Contoso.Pizza.Data.dll". The process cannot access the file 'C:\Users\carlo\Proyectos\blazor-aspnetwebapi-efcore-sample\src\Backend\Contoso.Pizza.AdminApi.MVC\bin\Debug\net8.0\Contoso.Pizza.Data.dll' because it is being used by another process. [C:\Users\carlo\Proyectos\blazor-aspnetwebapi-efcore-sample\src\Backend\Contoso.Pizza.AdminApi.MVC\Contoso.Pizza.AdminApi.MVC.csproj]
C:\Program Files\dotnet\sdk\8.0.419\Microsoft.Common.CurrentVersion.targets(5034,5): error MSB3027: No se pudo copiar "C:\Users\carlo\Proyectos\blazor-aspnetwebapi-efcore-sample\src\Backend\Contoso.Pizza.Data.Models\bin\Debug\net8.0\Contoso.Pizza.Data.Models.dll" en "bin\Debug\net8.0\Contoso.Pizza.Data.Models.dll". Se super├│ el n├║mero de 10 reintentos. Error. El archivo se ha bloqueado por: "Contoso.Pizza.AdminApi.MVC (33768)" [C:\Users\carlo\Proyectos\blazor-aspnetwebapi-efcore-sample\src\Backend\Contoso.Pizza.AdminApi.MVC\Contoso.Pizza.AdminApi.MVC.csproj]
C:\Program Files\dotnet\sdk\8.0.419\Microsoft.Common.CurrentVersion.targets(5034,5): error MSB3021: No se puede copiar "C:\Users\carlo\Proyectos\blazor-aspnetwebapi-efcore-sample\src\Backend\Contoso.Pizza.Data.Models\bin\Debug\net8.0\Contoso.Pizza.Data.Models.dll" en "bin\Debug\net8.0\Contoso.Pizza.Data.Models.dll". The process cannot access the file 'C:\Users\carlo\Proyectos\blazor-aspnetwebapi-efcore-sample\src\Backend\Contoso.Pizza.AdminApi.MVC\bin\Debug\net8.0\Contoso.Pizza.Data.Models.dll' because it is being used by another process. [C:\Users\carlo\Proyectos\blazor-aspnetwebapi-efcore-sample\src\Backend\Contoso.Pizza.AdminApi.MVC\Contoso.Pizza.AdminApi.MVC.csproj]
    60 Advertencia(s)
    12 Errores

Tiempo transcurrido 00:00:15.24
